Searching for any hub with Pybricks service...
battery mV: 7594
topple probe: motors coasting, window 3 s, reps 8
R,rep,battery_mV,n_rows,t45_ms,roll_deg
D,i,pitch_x100,rate_x10,wl,wr,wls,wrs
R, 0 , 7591 , 113 , 310 , -1
D , 0 , 2 , 2 , 0 , 0 , 0 , 0
D , 1 , 3 , 5 , 0 , 0 , 0 , 0
D , 2 , 3 , 5 , 0 , 0 , 0 , 0
D , 3 , 3 , 2 , 0 , 0 , 4 , 0
D , 4 , 3 , 0 , 0 , 0 , 0 , 0
D , 5 , 3 , 1 , 0 , 0 , 0 , 0
D , 6 , 3 , -1 , 0 , 0 , 0 , 0
D , 7 , 3 , -1 , 0 , 0 , 0 , 0
D , 8 , 3 , -4 , 0 , 0 , -4 , 0
D , 9 , 3 , -4 , 0 , 0 , -4 , 0
D , 10 , 2 , -6 , 0 , 0 , 4 , 0
D , 11 , 2 , -5 , 0 , 0 , 4 , 0
D , 12 , 2 , -4 , 0 , 0 , 0 , 0
D , 13 , 2 , -4 , 0 , 0 , 4 , 0
D , 14 , 2 , -1 , 0 , 0 , 0 , 0
D , 15 , 1 , -4 , 0 , 0 , 0 , 0
D , 16 , 1 , -2 , 0 , 0 , 0 , 0
D , 17 , 1 , -1 , 0 , 0 , 4 , 0
D , 18 , 1 , -1 , 0 , 0 , 0 , 0
D , 19 , 1 , 1 , 0 , 0 , 0 , 0
D , 20 , 1 , -1 , 0 , 0 , 0 , 0
D , 21 , 1 , -3 , 0 , 0 , 4 , 0
D , 22 , 1 , -3 , 0 , 0 , 4 , 0
D , 23 , 1 , -2 , 0 , 0 , -4 , 0
D , 24 , 1 , -4 , 0 , 0 , 0 , 0
D , 25 , 0 , -4 , 0 , 0 , 4 , 0
D , 26 , 0 , -6 , 0 , 0 , 0 , 0
D , 27 , 0 , -4 , 0 , 0 , 0 , 0
D , 28 , 0 , -7 , 0 , 0 , 0 , 0
D , 29 , 0 , -6 , 0 , 0 , 0 , 0
D , 30 , 0 , -6 , 0 , 0 , -4 , 0
D , 31 , 0 , -6 , 0 , 0 , 0 , 0
D , 32 , -1 , -5 , 0 , 0 , 0 , 0
D , 33 , -1 , -4 , 0 , 0 , -4 , 0
D , 34 , -1 , -3 , 0 , 0 , 0 , 0
D , 35 , -1 , -1 , 0 , 0 , 0 , 0
D , 36 , -1 , 2 , 0 , 0 , 0 , 0
D , 37 , -1 , 15 , 0 , 0 , -4 , 0
D , 38 , 0 , 26 , 0 , 0 , 0 , 0
D , 39 , 1 , 47 , 0 , 0 , 0 , 0
D , 40 , 5 , 79 , 0 , 0 , 4 , 0
D , 41 , 10 , 117 , 0 , 0 , -4 , 0
D , 42 , 16 , 147 , 0 , 0 , -4 , 0
D , 43 , 24 , 163 , 0 , 0 , 0 , 0
D , 44 , 32 , 178 , 0 , 0 , 0 , 0
D , 45 , 42 , 198 , 0 , 0 , -4 , -4
D , 46 , 52 , 236 , 0 , 0 , 0 , 0
D , 47 , 68 , 278 , 0 , 0 , 0 , 0
D , 48 , 83 , 322 , 0 , 0 , 0 , 0
D , 49 , 100 , 357 , 0 , 0 , 0 , 0
D , 50 , 118 , 384 , 0 , 0 , 0 , 0
D , 51 , 137 , 408 , 0 , 0 , -4 , 0
D , 52 , 158 , 431 , 0 , 0 , 0 , 0
D , 53 , 180 , 460 , 0 , 0 , 0 , 0
D , 54 , 203 , 490 , 0 , 0 , -4 , 0
D , 55 , 228 , 531 , 0 , 0 , 0 , 0
D , 56 , 261 , 567 , 0 , 0 , 0 , 0
D , 57 , 290 , 600 , 0 , 0 , 0 , 0
D , 58 , 320 , 634 , 0 , 0 , 0 , 0
D , 59 , 351 , 659 , 0 , 0 , 0 , 0
D , 60 , 384 , 686 , 0 , 0 , -4 , 0
D , 61 , 418 , 709 , 0 , 0 , 0 , 0
D , 62 , 453 , 729 , 0 , 0 , 0 , 0
D , 63 , 490 , 764 , 0 , 0 , 0 , 0
D , 64 , 528 , 808 , 0 , 0 , 0 , 0
D , 65 , 578 , 861 , 0 , 0 , 0 , 4
D , 66 , 622 , 914 , 0 , 0 , 0 , 0
D , 67 , 668 , 968 , 0 , 0 , 0 , 0
D , 68 , 716 , 1010 , 0 , 0 , 0 , 0
D , 69 , 767 , 1052 , 0 , 0 , 0 , 0
D , 70 , 819 , 1099 , 0 , 0 , 0 , 0
D , 71 , 875 , 1160 , 0 , 0 , 0 , 0
D , 72 , 933 , 1225 , 0 , 0 , 0 , 0
D , 73 , 1011 , 1307 , 0 , 0 , 0 , 0
D , 74 , 1076 , 1367 , 0 , 0 , 0 , 0
D , 75 , 1144 , 1421 , 0 , 0 , 0 , 0
D , 76 , 1215 , 1475 , 0 , 0 , 0 , 0
D , 77 , 1288 , 1535 , 0 , 0 , 0 , 0
D , 78 , 1365 , 1591 , 0 , 0 , 0 , 0
D , 79 , 1443 , 1634 , 0 , 0 , 0 , 0
D , 80 , 1524 , 1666 , 0 , 0 , 0 , 0
D , 81 , 1606 , 1708 , 0 , 0 , 0 , -4
D , 82 , 1711 , 1757 , 0 , 0 , 0 , 0
D , 83 , 1799 , 1837 , 0 , 0 , -4 , 0
D , 84 , 1892 , 1960 , 0 , 0 , 0 , -4
D , 85 , 1991 , 2094 , 0 , 0 , -4 , 0
D , 86 , 2097 , 2226 , 0 , 0 , 0 , -4
D , 87 , 2209 , 2338 , 0 , 0 , -4 , -4
D , 88 , 2324 , 2400 , 0 , 0 , -4 , 0
D , 89 , 2443 , 2455 , 0 , 0 , -4 , -4
D , 90 , 2564 , 2519 , 0 , 0 , -4 , -4
D , 91 , 2718 , 2569 , 0 , 0 , -4 , -4
D , 92 , 2845 , 2627 , 0 , 0 , -4 , -4
D , 93 , 2975 , 2728 , 0 , 0 , -4 , -4
D , 94 , 3113 , 2917 , 0 , 0 , -4 , -4
D , 95 , 3263 , 3159 , 0 , 0 , -4 , -4
D , 96 , 3422 , 3346 , 0 , 0 , -4 , -4
D , 97 , 3588 , 3434 , 0 , 0 , -4 , -4
D , 98 , 3756 , 3452 , -1 , 0 , -4 , -4
D , 99 , 3924 , 3507 , -1 , 0 , -8 , -4
D , 100 , 4142 , 3702 , -1 , 0 , -8 , -4
D , 101 , 4333 , 4065 , -1 , 0 , -8 , 0
D , 102 , 4540 , 4338 , -1 , 0 , -8 , -4
D , 103 , 4754 , 4403 , 0 , -1 , -4 , -4
D , 104 , 4968 , 4405 , -1 , -1 , -4 , -4
D , 105 , 5184 , 4527 , 0 , 0 , -4 , -8
D , 106 , 5417 , 4975 , 0 , 0 , -4 , 0
D , 107 , 5674 , 5409 , -1 , 0 , 0 , 4
D , 108 , 5942 , 5520 , 0 , 0 , -4 , 0
D , 109 , 6277 , 5517 , 0 , -1 , 0 , 0
D , 110 , 6556 , 5908 , 0 , 0 , 0 , -4
D , 111 , 6857 , 6352 , 0 , 0 , 0 , 0
D , 112 , 7171 , 6513 , 0 , 0 , 0 , 0
R, 1 , 7587 , 485 , 2160 , 1
D , 0 , -41 , 0 , 0 , 0 , 0 , 0
D , 1 , -41 , 0 , 0 , 0 , 0 , 0
D , 2 , -41 , 0 , 0 , 0 , 0 , 0
D , 3 , -41 , -1 , 0 , 0 , 0 , 0
D , 4 , -41 , -9 , 0 , 0 , 0 , 0
D , 5 , -42 , -18 , 0 , 0 , 0 , 0
D , 6 , -43 , -24 , 0 , 0 , 0 , 0
D , 7 , -45 , -28 , 0 , 0 , 0 , 0
D , 8 , -46 , -28 , 0 , 0 , 0 , 0
D , 9 , -47 , -29 , 0 , 0 , 0 , 0
D , 10 , -49 , -34 , 0 , 0 , 0 , 0
D , 11 , -51 , -41 , 0 , 0 , 0 , 0
D , 12 , -53 , -43 , 0 , 0 , 0 , 0
D , 13 , -55 , -39 , 0 , 0 , 0 , 0
D , 14 , -57 , -32 , 0 , 0 , 0 , 0
D , 15 , -59 , -27 , 0 , 0 , 0 , 0
D , 16 , -60 , -27 , 0 , 0 , 0 , 0
D , 17 , -61 , -27 , 0 , 0 , 0 , 0
D , 18 , -63 , -25 , 0 , 0 , 0 , 0
D , 19 , -64 , -19 , 0 , 0 , 0 , 0
D , 20 , -64 , -6 , 0 , 0 , 0 , 0
D , 21 , -64 , 0 , 0 , 0 , 0 , 0
D , 22 , -64 , 6 , 0 , 0 , 0 , 0
D , 23 , -64 , 6 , 0 , 0 , 0 , 0
D , 24 , -63 , 6 , 0 , 0 , 0 , 0
D , 25 , -63 , 3 , 0 , 0 , 0 , 0
D , 26 , -63 , -5 , 0 , 0 , 0 , 0
D , 27 , -63 , -4 , 0 , 0 , 0 , 0
D , 28 , -63 , 0 , 0 , 0 , 0 , 0
D , 29 , -63 , 0 , 0 , 0 , 0 , 0
D , 30 , -63 , -2 , 0 , 0 , 0 , 0
D , 31 , -64 , -13 , 0 , 0 , 0 , 0
D , 32 , -65 , -23 , 0 , 0 , 0 , 0
D , 33 , -66 , -28 , 0 , 0 , 0 , 0
D , 34 , -68 , -35 , 0 , 0 , 0 , 0
D , 35 , -70 , -43 , 0 , 0 , 0 , 0
D , 36 , -72 , -43 , 0 , 0 , 0 , 0
D , 37 , -74 , -46 , 0 , 0 , 0 , 0
D , 38 , -76 , -46 , 0 , 0 , 0 , 0
D , 39 , -79 , -47 , 0 , 0 , 0 , 0
D , 40 , -82 , -53 , 0 , 0 , 0 , 0
D , 41 , -84 , -53 , 0 , 0 , 0 , 0
D , 42 , -87 , -57 , 0 , 0 , 0 , 0
D , 43 , -90 , -57 , 0 , 0 , 0 , 0
D , 44 , -92 , -50 , 0 , 0 , 0 , 0
D , 45 , -95 , -41 , 0 , 0 , 0 , 0
D , 46 , -96 , -36 , 0 , 0 , 0 , 0
D , 47 , -98 , -34 , 0 , 0 , 0 , 0
D , 48 , -100 , -34 , 0 , 0 , 0 , 0
D , 49 , -102 , -30 , 0 , 0 , 0 , 0
D , 50 , -103 , -26 , 0 , 0 , 0 , 0
D , 51 , -104 , -17 , 0 , 0 , 0 , 0
D , 52 , -105 , -8 , 0 , 0 , 0 , 0
D , 53 , -105 , -3 , 0 , 0 , 0 , 0
D , 54 , -105 , -1 , 0 , 0 , 0 , 0
D , 55 , -105 , -4 , 0 , 0 , 0 , 0
D , 56 , -106 , -4 , 0 , 0 , 0 , 0
D , 57 , -106 , -1 , 0 , 0 , 0 , 0
D , 58 , -106 , 2 , 0 , 0 , 0 , 0
D , 59 , -105 , 7 , 0 , 0 , 0 , 0
D , 60 , -105 , 7 , 0 , 0 , 0 , 0
D , 61 , -105 , 3 , 0 , 0 , 0 , 0
D , 62 , -105 , -1 , 0 , 0 , 0 , 0
D , 63 , -105 , -4 , 0 , 0 , 0 , 0
D , 64 , -105 , -3 , 0 , 0 , 0 , 0
D , 65 , -105 , -2 , 0 , 0 , 0 , 0
D , 66 , -105 , 0 , 0 , 0 , 0 , 0
D , 67 , -105 , 0 , 0 , 0 , 0 , 0
D , 68 , -105 , -1 , 0 , 0 , 0 , 0
D , 69 , -105 , -1 , 0 , 0 , 0 , 0
D , 70 , -105 , -4 , 0 , 0 , 0 , 0
D , 71 , -106 , -6 , 0 , 0 , 0 , 0
D , 72 , -106 , -7 , 0 , 0 , 0 , 0
D , 73 , -106 , -8 , 0 , 0 , 0 , 0
D , 74 , -107 , -8 , 0 , 0 , 0 , 0
D , 75 , -107 , -8 , 0 , 0 , 0 , 0
D , 76 , -108 , -10 , 0 , 0 , 0 , 0
D , 77 , -108 , -12 , 0 , 0 , 0 , 0
D , 78 , -109 , -11 , 0 , 0 , 0 , 0
D , 79 , -110 , -12 , 0 , 0 , 0 , 0
D , 80 , -110 , -12 , 0 , 0 , 0 , 0
D , 81 , -111 , -16 , 0 , 0 , 0 , 0
D , 82 , -112 , -15 , 0 , 0 , 0 , 0
D , 83 , -112 , -13 , 0 , 0 , 0 , 0
D , 84 , -113 , -7 , 0 , 0 , 0 , 0
D , 85 , -113 , -5 , 0 , 0 , 0 , 0
D , 86 , -114 , -6 , 0 , 0 , 0 , 0
D , 87 , -114 , -8 , 0 , 0 , 0 , 0
D , 88 , -114 , -8 , 0 , 0 , 0 , 0
D , 89 , -115 , -9 , 0 , 0 , 0 , 0
D , 90 , -115 , -7 , 0 , 0 , 0 , 0
D , 91 , -116 , -6 , 0 , 0 , 0 , 0
D , 92 , -116 , -4 , 0 , 0 , 0 , 0
D , 93 , -116 , -7 , 0 , 0 , 0 , 0
D , 94 , -117 , -10 , 0 , 0 , 0 , 0
D , 95 , -117 , -11 , 0 , 0 , 0 , 0
D , 96 , -118 , -10 , 0 , 0 , 0 , 0
D , 97 , -118 , -12 , 0 , 0 , 0 , 0
D , 98 , -119 , -10 , 0 , 0 , 0 , 0
D , 99 , -119 , -10 , 0 , 0 , 0 , 0
D , 100 , -120 , -8 , 0 , 0 , 0 , 0
D , 101 , -120 , -8 , 0 , 0 , 0 , 0
D , 102 , -121 , -13 , 0 , 0 , 0 , 0
D , 103 , -122 , -15 , 0 , 0 , 0 , 0
D , 104 , -122 , -17 , 0 , 0 , 0 , 0
D , 105 , -123 , -15 , 0 , 0 , 0 , 0
D , 106 , -124 , -13 , 0 , 0 , 0 , 0
D , 107 , -125 , -10 , 0 , 0 , 0 , 0
D , 108 , -125 , -14 , 0 , 0 , 0 , 0
D , 109 , -126 , -17 , 0 , 0 , 0 , 0
D , 110 , -127 , -22 , 0 , 0 , 0 , 0
D , 111 , -128 , -18 , 0 , 0 , 0 , 0
D , 112 , -129 , -15 , 0 , 0 , 0 , 0
D , 113 , -130 , -15 , 0 , 0 , 0 , 0
D , 114 , -131 , -13 , 0 , 0 , 0 , 0
D , 115 , -131 , -10 , 0 , 0 , 0 , 0
D , 116 , -132 , -11 , 0 , 0 , 0 , 0
D , 117 , -132 , -11 , 0 , 0 , 0 , 0
D , 118 , -133 , -12 , 0 , 0 , 0 , 0
D , 119 , -133 , -11 , 0 , 0 , 0 , 0
D , 120 , -134 , -6 , 0 , 0 , 0 , 0
D , 121 , -134 , -4 , 0 , 0 , 0 , 0
D , 122 , -134 , -7 , 0 , 0 , 0 , 0
D , 123 , -135 , -12 , 0 , 0 , 0 , 0
D , 124 , -136 , -13 , 0 , 0 , 0 , 0
D , 125 , -136 , -15 , 0 , 0 , 0 , 0
D , 126 , -137 , -13 , 0 , 0 , 0 , 0
D , 127 , -138 , -13 , 0 , 0 , 0 , 0
D , 128 , -139 , -17 , 0 , 0 , 0 , 0
D , 129 , -139 , -18 , 0 , 0 , 0 , 0
D , 130 , -140 , -20 , 0 , 0 , 0 , 0
D , 131 , -141 , -15 , 0 , 0 , 0 , 0
D , 132 , -142 , -13 , 0 , 0 , 0 , 0
D , 133 , -142 , -11 , 0 , 0 , 0 , 0
D , 134 , -143 , -11 , 0 , 0 , 0 , 0
D , 135 , -144 , -11 , 0 , 0 , 0 , 0
D , 136 , -144 , -12 , 0 , 0 , 0 , 0
D , 137 , -145 , -11 , 0 , 0 , 0 , 0
D , 138 , -145 , -7 , 0 , 0 , 0 , 0
D , 139 , -146 , -5 , 0 , 0 , 0 , 0
D , 140 , -146 , -5 , 0 , 0 , 0 , 0
D , 141 , -146 , -5 , 0 , 0 , 0 , 0
D , 142 , -146 , -6 , 0 , 0 , 0 , 0
D , 143 , -147 , -6 , 0 , 0 , 0 , 0
D , 144 , -147 , -6 , 0 , 0 , 0 , 0
D , 145 , -147 , -6 , 0 , 0 , 0 , 0
D , 146 , -148 , -2 , 0 , 0 , 0 , 0
D , 147 , -148 , -4 , 0 , 0 , 0 , 0
D , 148 , -148 , -7 , 0 , 0 , 0 , 0
D , 149 , -148 , -7 , 0 , 0 , 0 , 0
D , 150 , -149 , -8 , 0 , 0 , 0 , 0
D , 151 , -149 , -8 , 0 , 0 , 0 , 0
D , 152 , -150 , -8 , 0 , 0 , 0 , 0
D , 153 , -150 , -8 , 0 , 0 , 0 , 0
D , 154 , -150 , -6 , 0 , 0 , 0 , 0
D , 155 , -151 , -9 , 0 , 0 , 0 , 0
D , 156 , -151 , -14 , 0 , 0 , 0 , 0
D , 157 , -152 , -15 , 0 , 0 , 0 , 0
D , 158 , -153 , -17 , 0 , 0 , 0 , 0
D , 159 , -154 , -15 , 0 , 0 , 0 , 0
D , 160 , -155 , -16 , 0 , 0 , 0 , 0
D , 161 , -156 , -19 , 0 , 0 , 0 , 0
D , 162 , -157 , -20 , 0 , 0 , 0 , 0
D , 163 , -158 , -21 , 0 , 0 , 0 , 0
D , 164 , -159 , -25 , 0 , 0 , 0 , 0
D , 165 , -160 , -25 , 0 , 0 , 0 , 0
D , 166 , -161 , -26 , 0 , 0 , 0 , 0
D , 167 , -163 , -25 , 0 , 0 , 0 , 0
D , 168 , -164 , -22 , 0 , 0 , 0 , 0
D , 169 , -165 , -22 , 0 , 0 , 0 , 0
D , 170 , -166 , -18 , 0 , 0 , 0 , 0
D , 171 , -167 , -20 , 0 , 0 , 0 , 0
D , 172 , -168 , -20 , 0 , 0 , 0 , 0
D , 173 , -169 , -15 , 0 , 0 , 0 , 0
D , 174 , -170 , -13 , 0 , 0 , 0 , 0
D , 175 , -170 , -9 , 0 , 0 , 0 , 0
D , 176 , -170 , -7 , 0 , 0 , 0 , 0
D , 177 , -171 , -6 , 0 , 0 , 0 , 0
D , 178 , -171 , -8 , 0 , 0 , 0 , 0
D , 179 , -172 , -8 , 0 , 0 , 0 , 0
D , 180 , -172 , -7 , 0 , 0 , 0 , 0
D , 181 , -172 , -7 , 0 , 0 , 0 , 0
D , 182 , -173 , -6 , 0 , 0 , 0 , 0
D , 183 , -173 , -7 , 0 , 0 , 0 , 0
D , 184 , -173 , -8 , 0 , 0 , 0 , 0
D , 185 , -174 , -11 , 0 , 0 , 0 , 0
D , 186 , -174 , -10 , 0 , 0 , 0 , 0
D , 187 , -175 , -11 , 0 , 0 , 0 , 0
D , 188 , -176 , -13 , 0 , 0 , 0 , 0
D , 189 , -176 , -14 , 0 , 0 , 0 , 0
D , 190 , -177 , -13 , 0 , 0 , 0 , 0
D , 191 , -178 , -12 , 0 , 0 , 0 , 0
D , 192 , -178 , -13 , 0 , 0 , 0 , 0
D , 193 , -179 , -13 , 0 , 0 , 0 , 0
D , 194 , -179 , -12 , 0 , 0 , 0 , 0
D , 195 , -180 , -11 , 0 , 0 , 0 , 0
D , 196 , -181 , -12 , 0 , 0 , 0 , 0
D , 197 , -181 , -11 , 0 , 0 , 0 , 0
D , 198 , -182 , -10 , 0 , 0 , 0 , 0
D , 199 , -182 , -7 , 0 , 0 , 0 , 0
D , 200 , -183 , -6 , 0 , 0 , 0 , 0
D , 201 , -183 , -5 , 0 , 0 , 0 , 0
D , 202 , -183 , -4 , 0 , 0 , 0 , 0
D , 203 , -183 , -6 , 0 , 0 , 0 , 0
D , 204 , -184 , -6 , 0 , 0 , 0 , 0
D , 205 , -184 , -3 , 0 , 0 , 0 , 0
D , 206 , -184 , -1 , 0 , 0 , 0 , 0
D , 207 , -184 , -1 , 0 , 0 , 0 , 0
D , 208 , -184 , -3 , 0 , 0 , 0 , 0
D , 209 , -184 , -4 , 0 , 0 , 0 , 0
D , 210 , -185 , -5 , 0 , 0 , 0 , 0
D , 211 , -185 , -6 , 0 , 0 , 0 , 0
D , 212 , -185 , -9 , 0 , 0 , 0 , 0
D , 213 , -186 , -9 , 0 , 0 , 0 , 0
D , 214 , -186 , -13 , 0 , 0 , 0 , 0
D , 215 , -187 , -13 , 0 , 0 , 0 , 0
D , 216 , -188 , -15 , 0 , 0 , 0 , 0
D , 217 , -189 , -18 , 0 , 0 , 0 , 0
D , 218 , -190 , -21 , 0 , 0 , 0 , 0
D , 219 , -191 , -23 , 0 , 0 , 0 , 0
D , 220 , -192 , -24 , 0 , 0 , 0 , 0
D , 221 , -193 , -21 , 0 , 0 , 0 , 0
D , 222 , -194 , -20 , 0 , 0 , 0 , 0
D , 223 , -195 , -20 , 0 , 0 , 0 , 0
D , 224 , -196 , -21 , 0 , 0 , 0 , 0
D , 225 , -198 , -22 , 0 , 0 , 0 , 0
D , 226 , -199 , -21 , 0 , 0 , 0 , 0
D , 227 , -200 , -19 , 0 , 0 , 0 , 0
D , 228 , -200 , -19 , 0 , 0 , 0 , 0
D , 229 , -201 , -15 , 0 , 0 , 0 , 0
D , 230 , -202 , -15 , 0 , 0 , 0 , 0
D , 231 , -203 , -15 , 0 , 0 , 0 , 0
D , 232 , -204 , -18 , 0 , 0 , 0 , 0
D , 233 , -205 , -18 , 0 , 0 , 0 , 0
D , 234 , -206 , -18 , 0 , 0 , 0 , 0
D , 235 , -206 , -15 , 0 , 0 , 0 , 0
D , 236 , -207 , -13 , 0 , 0 , 0 , 0
D , 237 , -208 , -12 , 0 , 0 , 0 , 0
D , 238 , -208 , -11 , 0 , 0 , 0 , 0
D , 239 , -209 , -12 , 0 , 0 , 0 , 0
D , 240 , -209 , -11 , 0 , 0 , 0 , 0
D , 241 , -210 , -8 , 0 , 0 , 0 , 0
D , 242 , -210 , -6 , 0 , 0 , 0 , 0
D , 243 , -211 , -6 , 0 , 0 , 0 , 0
D , 244 , -211 , -4 , 0 , 0 , 0 , 0
D , 245 , -211 , -7 , 0 , 0 , 0 , 0
D , 246 , -212 , -9 , 0 , 0 , 0 , 0
D , 247 , -212 , -8 , 0 , 0 , 0 , 0
D , 248 , -212 , -10 , 0 , 0 , 0 , 0
D , 249 , -213 , -13 , 0 , 0 , 0 , 0
D , 250 , -214 , -15 , 0 , 0 , 0 , 0
D , 251 , -215 , -18 , 0 , 0 , 0 , 0
D , 252 , -216 , -18 , 0 , 0 , 0 , 0
D , 253 , -217 , -18 , 0 , 0 , 0 , 0
D , 254 , -217 , -16 , 0 , 0 , 0 , 0
D , 255 , -218 , -16 , 0 , 0 , 0 , 0
D , 256 , -219 , -19 , 0 , 0 , 0 , 0
D , 257 , -220 , -18 , 0 , 0 , 0 , 0
D , 258 , -221 , -17 , 0 , 0 , 0 , 0
D , 259 , -222 , -15 , 0 , 0 , 0 , 0
D , 260 , -223 , -15 , 0 , 0 , 0 , 0
D , 261 , -224 , -18 , 0 , 0 , 0 , 0
D , 262 , -224 , -15 , 0 , 0 , 0 , 0
D , 263 , -225 , -13 , 0 , 0 , 0 , 0
D , 264 , -226 , -13 , 0 , 0 , 0 , 0
D , 265 , -226 , -13 , 0 , 0 , 0 , 0
D , 266 , -227 , -12 , 0 , 0 , 0 , 0
D , 267 , -228 , -14 , 0 , 0 , 0 , 0
D , 268 , -229 , -18 , 0 , 0 , 0 , 0
D , 269 , -230 , -18 , 0 , 0 , 0 , 0
D , 270 , -230 , -17 , 0 , 0 , 0 , 0
D , 271 , -231 , -19 , 0 , 0 , 0 , 0
D , 272 , -232 , -21 , 0 , 0 , 0 , 0
D , 273 , -233 , -25 , 0 , 0 , 0 , 0
D , 274 , -235 , -29 , 0 , 0 , 0 , 0
D , 275 , -236 , -31 , 0 , 0 , 0 , 0
D , 276 , -238 , -34 , 0 , 0 , 0 , 0
D , 277 , -240 , -36 , 0 , 0 , 0 , 0
D , 278 , -242 , -39 , 0 , 0 , 0 , 4
D , 279 , -244 , -42 , 0 , 0 , 0 , 0
D , 280 , -246 , -46 , 0 , 0 , 0 , 0
D , 281 , -248 , -47 , 0 , 0 , 0 , 0
D , 282 , -251 , -49 , 0 , 0 , 0 , 0
D , 283 , -253 , -50 , 0 , 0 , 0 , 0
D , 284 , -256 , -49 , 0 , 0 , 0 , 0
D , 285 , -258 , -47 , 0 , 0 , 0 , 4
D , 286 , -260 , -44 , 0 , 0 , 0 , 0
D , 287 , -263 , -44 , 0 , 0 , 0 , 4
D , 288 , -265 , -44 , 0 , 0 , 0 , 0
D , 289 , -267 , -41 , 0 , 0 , 0 , 4
D , 290 , -269 , -40 , 0 , 0 , 0 , 4
D , 291 , -271 , -36 , 0 , 0 , 0 , 4
D , 292 , -273 , -33 , 0 , 0 , 0 , 4
D , 293 , -274 , -34 , 0 , 0 , 0 , 4
D , 294 , -276 , -32 , 0 , 0 , 0 , 4
D , 295 , -278 , -31 , 0 , 0 , 0 , 4
D , 296 , -279 , -29 , 0 , 0 , 0 , 4
D , 297 , -281 , -29 , 0 , 0 , 0 , 4
D , 298 , -282 , -26 , 0 , 0 , 0 , 0
D , 299 , -283 , -25 , 0 , 0 , 0 , 4
D , 300 , -285 , -27 , 0 , 0 , 0 , 4
D , 301 , -286 , -25 , 0 , 0 , 0 , 4
D , 302 , -287 , -26 , 0 , 0 , 0 , 4
D , 303 , -288 , -28 , 0 , 0 , 0 , 4
D , 304 , -290 , -29 , 0 , 0 , 0 , 4
D , 305 , -291 , -27 , 0 , 0 , 0 , 0
D , 306 , -293 , -27 , 0 , 0 , 0 , 4
D , 307 , -294 , -29 , 0 , 0 , 0 , 0
D , 308 , -296 , -31 , 0 , 0 , 0 , 4
D , 309 , -297 , -32 , 0 , 0 , 0 , 0
D , 310 , -299 , -32 , 0 , 0 , 0 , 0
D , 311 , -300 , -35 , 0 , 0 , 0 , 0
D , 312 , -302 , -37 , 0 , 0 , 0 , 0
D , 313 , -304 , -41 , 0 , 0 , 0 , 0
D , 314 , -307 , -43 , 0 , 0 , 0 , 0
D , 315 , -309 , -46 , 0 , 0 , 0 , 0
D , 316 , -311 , -46 , 0 , 1 , 0 , 0
D , 317 , -313 , -47 , 0 , 0 , 0 , 4
D , 318 , -315 , -48 , 0 , 0 , 0 , 0
D , 319 , -318 , -48 , 0 , 0 , 0 , 0
D , 320 , -320 , -46 , 0 , 0 , 0 , 0
D , 321 , -323 , -44 , 0 , 1 , 0 , 0
D , 322 , -325 , -45 , 0 , 0 , 0 , 4
D , 323 , -327 , -41 , 0 , 1 , 0 , 0
D , 324 , -329 , -40 , 0 , 1 , 0 , 4
D , 325 , -331 , -38 , 0 , 0 , 0 , 4
D , 326 , -333 , -39 , 0 , 1 , 0 , 0
D , 327 , -335 , -35 , 0 , 0 , 0 , 4
D , 328 , -337 , -35 , 0 , 0 , 0 , 0
D , 329 , -338 , -32 , 0 , 1 , 0 , 0
D , 330 , -340 , -29 , 0 , 1 , 0 , 4
D , 331 , -342 , -30 , 0 , 1 , 0 , 4
D , 332 , -343 , -31 , 0 , 1 , 0 , 4
D , 333 , -345 , -31 , 0 , 1 , 0 , 4
D , 334 , -346 , -31 , 0 , 1 , 0 , 4
D , 335 , -348 , -34 , 0 , 1 , 0 , 4
D , 336 , -349 , -35 , 0 , 1 , 0 , 4
D , 337 , -351 , -38 , 0 , 1 , 0 , 0
D , 338 , -353 , -43 , 0 , 1 , 0 , 4
D , 339 , -356 , -46 , 0 , 1 , 0 , 4
D , 340 , -358 , -48 , 0 , 1 , 0 , 4
D , 341 , -361 , -51 , 0 , 1 , 0 , 4
D , 342 , -363 , -53 , 0 , 1 , 0 , 0
D , 343 , -366 , -51 , 0 , 1 , 0 , 8
D , 344 , -368 , -51 , 0 , 1 , 0 , 4
D , 345 , -371 , -49 , 0 , 1 , 0 , 0
D , 346 , -373 , -52 , 0 , 1 , 0 , 8
D , 347 , -376 , -50 , 0 , 1 , 0 , 0
D , 348 , -379 , -51 , 0 , 1 , 0 , 8
D , 349 , -381 , -54 , 0 , 1 , 0 , 8
D , 350 , -384 , -55 , 0 , 1 , 0 , 0
D , 351 , -387 , -54 , 0 , 1 , 0 , 4
D , 352 , -389 , -52 , 0 , 1 , 0 , 4
D , 353 , -392 , -51 , 0 , 1 , 0 , 4
D , 354 , -394 , -50 , 0 , 1 , 0 , 0
D , 355 , -397 , -50 , 0 , 1 , 0 , 4
D , 356 , -400 , -50 , 0 , 1 , 0 , 4
D , 357 , -402 , -50 , 0 , 1 , 0 , 4
D , 358 , -405 , -49 , 0 , 1 , 0 , 0
D , 359 , -407 , -48 , 0 , 1 , 0 , 4
D , 360 , -410 , -47 , 0 , 1 , 0 , 0
D , 361 , -412 , -47 , 0 , 1 , 0 , 4
D , 362 , -414 , -51 , 0 , 1 , 0 , 4
D , 363 , -417 , -58 , 0 , 1 , 0 , 0
D , 364 , -420 , -53 , 0 , 1 , 0 , -4
D , 365 , -423 , -52 , 0 , 1 , 0 , 4
D , 366 , -425 , -52 , 0 , 1 , 0 , 0
D , 367 , -428 , -53 , 0 , 1 , 0 , 0
D , 368 , -430 , -53 , 0 , 1 , 0 , 0
D , 369 , -433 , -56 , 0 , 1 , 0 , -4
D , 370 , -436 , -61 , 0 , 1 , 0 , 0
D , 371 , -439 , -60 , 0 , 1 , 0 , -4
D , 372 , -442 , -60 , 0 , 1 , 0 , 0
D , 373 , -445 , -61 , 0 , 1 , 0 , 0
D , 374 , -448 , -60 , 0 , 1 , 0 , 4
D , 375 , -451 , -64 , 0 , 1 , 0 , -4
D , 376 , -455 , -68 , 0 , 1 , 0 , 0
D , 377 , -458 , -69 , 0 , 1 , 0 , 0
D , 378 , -461 , -76 , 0 , 1 , 0 , 4
D , 379 , -465 , -75 , 0 , 1 , 0 , -4
D , 380 , -469 , -73 , 0 , 1 , 0 , 4
D , 381 , -472 , -76 , 0 , 1 , 0 , 0
D , 382 , -476 , -81 , 0 , 1 , 0 , 0
D , 383 , -481 , -83 , 0 , 1 , 0 , -4
D , 384 , -485 , -89 , 0 , 1 , 0 , 4
D , 385 , -490 , -95 , 0 , 1 , 0 , 0
D , 386 , -495 , -97 , 0 , 1 , 0 , 0
D , 387 , -500 , -99 , 0 , 1 , 0 , 0
D , 388 , -504 , -103 , 0 , 1 , 0 , 0
D , 389 , -510 , -105 , 0 , 1 , 0 , 4
D , 390 , -515 , -113 , 0 , 1 , 0 , 0
D , 391 , -522 , -120 , 0 , 1 , 0 , 4
D , 392 , -528 , -127 , 0 , 1 , 0 , 0
D , 393 , -534 , -131 , 0 , 1 , 0 , 0
D , 394 , -541 , -136 , 0 , 1 , 0 , 0
D , 395 , -548 , -141 , 0 , 1 , 0 , 0
D , 396 , -555 , -146 , 0 , 1 , 0 , -4
D , 397 , -562 , -154 , 0 , 1 , 0 , 0
D , 398 , -570 , -163 , 0 , 1 , 0 , 0
D , 399 , -578 , -174 , 0 , 1 , 0 , 4
D , 400 , -589 , -181 , 0 , 1 , 0 , 0
D , 401 , -598 , -189 , 0 , 1 , 0 , 0
D , 402 , -607 , -197 , 0 , 1 , 0 , -4
D , 403 , -617 , -204 , 0 , 1 , 0 , 0
D , 404 , -628 , -214 , 0 , 1 , 0 , -4
D , 405 , -638 , -225 , 0 , 1 , 0 , 0
D , 406 , -650 , -237 , 0 , 1 , 0 , 0
D , 407 , -662 , -249 , 0 , 1 , 0 , 4
D , 408 , -674 , -263 , 0 , 1 , 0 , 0
D , 409 , -691 , -276 , 0 , 1 , 0 , -4
D , 410 , -704 , -288 , 0 , 1 , 0 , 4
D , 411 , -719 , -302 , 0 , 1 , 0 , 0
D , 412 , -734 , -315 , 0 , 1 , 0 , 0
D , 413 , -750 , -332 , 0 , 1 , 0 , -4
D , 414 , -767 , -349 , 0 , 1 , 0 , 0
D , 415 , -784 , -368 , 0 , 1 , 0 , 4
D , 416 , -803 , -389 , 0 , 1 , 0 , 0
D , 417 , -822 , -414 , 0 , 1 , 0 , 0
D , 418 , -848 , -432 , 0 , 1 , 0 , 0
D , 419 , -869 , -449 , 0 , 1 , 0 , 0
D , 420 , -892 , -469 , 0 , 1 , 0 , 0
D , 421 , -915 , -490 , 0 , 1 , 0 , 0
D , 422 , -940 , -517 , 0 , 1 , 0 , 4
D , 423 , -966 , -549 , 0 , 1 , 0 , 4
D , 424 , -994 , -578 , 0 , 1 , 0 , 0
D , 425 , -1023 , -606 , 0 , 1 , 0 , 0
D , 426 , -1061 , -639 , 0 , 1 , 0 , 0
D , 427 , -1093 , -666 , 0 , 1 , 0 , 0
D , 428 , -1126 , -694 , 0 , 1 , 0 , 0
D , 429 , -1161 , -727 , 0 , 1 , 4 , 4
D , 430 , -1197 , -753 , 0 , 1 , 4 , 0
D , 431 , -1234 , -765 , 0 , 1 , 0 , 0
D , 432 , -1271 , -774 , 0 , 1 , 4 , 0
D , 433 , -1309 , -785 , 0 , 2 , 0 , 4
D , 434 , -1348 , -807 , 0 , 2 , 4 , 3
D , 435 , -1398 , -835 , 0 , 2 , 4 , 3
D , 436 , -1439 , -867 , 0 , 2 , 4 , 7
D , 437 , -1482 , -895 , 0 , 2 , 4 , 3
D , 438 , -1527 , -918 , 0 , 2 , 0 , 7
D , 439 , -1572 , -935 , 0 , 2 , 4 , 7
D , 440 , -1618 , -941 , 0 , 2 , 4 , 7
D , 441 , -1664 , -958 , 0 , 2 , 4 , 7
D , 442 , -1711 , -984 , 0 , 2 , 4 , 7
D , 443 , -1760 , -1042 , 0 , 2 , 4 , 11
D , 444 , -1825 , -1097 , 0 , 2 , 4 , 11
D , 445 , -1880 , -1152 , 0 , 2 , 4 , 7
D , 446 , -1938 , -1200 , 0 , 2 , 4 , 7
D , 447 , -1997 , -1244 , 0 , 2 , 4 , 11
D , 448 , -2060 , -1299 , 0 , 2 , 4 , 11
D , 449 , -2125 , -1364 , 0 , 2 , 0 , 7
D , 450 , -2193 , -1436 , 0 , 2 , 0 , 7
D , 451 , -2265 , -1499 , 0 , 2 , 4 , 7
D , 452 , -2340 , -1572 , 0 , 2 , 0 , 11
D , 453 , -2437 , -1631 , 0 , 2 , 4 , 11
D , 454 , -2518 , -1688 , 0 , 2 , 0 , 8
D , 455 , -2601 , -1743 , 0 , 2 , 0 , 8
D , 456 , -2688 , -1790 , 0 , 2 , -4 , 8
D , 457 , -2776 , -1828 , 0 , 2 , 0 , 8
D , 458 , -2866 , -1856 , 0 , 2 , 4 , 4
D , 459 , -2957 , -1894 , 0 , 3 , 0 , 8
D , 460 , -3051 , -1991 , 0 , 3 , 0 , 8
D , 461 , -3150 , -2125 , 0 , 2 , -4 , 4
D , 462 , -3284 , -2276 , 0 , 3 , 0 , 8
D , 463 , -3398 , -2407 , 0 , 2 , 0 , 0
D , 464 , -3518 , -2505 , 0 , 2 , 0 , 4
D , 465 , -3642 , -2564 , 0 , 2 , 0 , 4
D , 466 , -3800 , -2622 , 0 , 3 , 0 , 4
D , 467 , -3897 , -2665 , 0 , 3 , 0 , 4
D , 468 , -4028 , -2717 , 0 , 3 , 0 , 4
D , 469 , -4162 , -2790 , 1 , 3 , 4 , 8
D , 470 , -4302 , -3002 , 0 , 3 , 0 , 8
D , 471 , -4492 , -3242 , 1 , 3 , 4 , 8
D , 472 , -4655 , -3411 , 1 , 2 , 4 , 0
D , 473 , -4824 , -3493 , 1 , 3 , 4 , 4
D , 474 , -4994 , -3495 , 1 , 2 , 4 , 0
D , 475 , -5164 , -3536 , 1 , 3 , 4 , 4
D , 476 , -5342 , -3746 , 1 , 2 , 8 , 0
D , 477 , -5535 , -4114 , 1 , 2 , 4 , 0
D , 478 , -5744 , -4428 , 1 , 2 , 4 , 0
D , 479 , -6014 , -4436 , 1 , 3 , 4 , -4
D , 480 , -6230 , -4432 , 1 , 3 , 4 , 0
D , 481 , -6450 , -4644 , 1 , 2 , 8 , 0
D , 482 , -6690 , -5128 , 1 , 2 , 4 , -8
D , 483 , -6951 , -5471 , 1 , 2 , 8 , -4
D , 484 , -7220 , -5531 , 1 , 2 , 8 , -4
R, 2 , 7588 , 157 , 525 , -2
D , 0 , 14 , 10 , 0 , 0 , 0 , 3
D , 1 , 14 , 11 , 0 , 0 , 0 , 0
D , 2 , 15 , 14 , 0 , 0 , 0 , 0
D , 3 , 16 , 18 , 0 , 0 , 0 , 0
D , 4 , 16 , 17 , 0 , 0 , 0 , 3
D , 5 , 17 , 16 , 0 , 0 , 0 , 0
D , 6 , 18 , 16 , 0 , 0 , 0 , 3
D , 7 , 19 , 16 , 0 , 0 , 0 , 3
D , 8 , 20 , 17 , 0 , 0 , 0 , -3
D , 9 , 21 , 13 , 0 , 0 , 0 , 3
D , 10 , 21 , 15 , 0 , 0 , 0 , 3
D , 11 , 22 , 11 , 0 , 0 , 0 , -3
D , 12 , 23 , 10 , 0 , 0 , 0 , 0
D , 13 , 23 , 10 , 0 , 0 , 0 , 3
D , 14 , 24 , 10 , 0 , 0 , 0 , -3
D , 15 , 24 , 15 , 0 , 0 , 0 , 0
D , 16 , 25 , 17 , 0 , 0 , 0 , 0
D , 17 , 26 , 17 , 0 , 0 , 0 , 0
D , 18 , 27 , 21 , 0 , 0 , 0 , -3
D , 19 , 28 , 24 , 0 , 0 , 0 , 3
D , 20 , 30 , 27 , 0 , 0 , 0 , -3
D , 21 , 31 , 29 , 0 , 0 , 0 , -3
D , 22 , 33 , 31 , 0 , 0 , 0 , 0
D , 23 , 34 , 35 , 0 , 0 , 0 , -3
D , 24 , 36 , 35 , 0 , 0 , 0 , -3
D , 25 , 38 , 33 , 0 , 0 , 0 , 0
D , 26 , 39 , 31 , 0 , 0 , 0 , -3
D , 27 , 41 , 31 , 0 , 0 , 0 , 0
D , 28 , 43 , 31 , 0 , 0 , 0 , 0
D , 29 , 44 , 30 , 0 , 0 , 0 , 3
D , 30 , 46 , 31 , 0 , 0 , 0 , 0
D , 31 , 47 , 28 , 0 , 0 , 0 , 3
D , 32 , 49 , 30 , 0 , 0 , 0 , -3
D , 33 , 50 , 28 , 0 , 0 , 0 , -3
D , 34 , 52 , 31 , 0 , 0 , 0 , 0
D , 35 , 53 , 35 , 0 , 0 , 0 , 3
D , 36 , 56 , 36 , 0 , 0 , 0 , 0
D , 37 , 57 , 40 , 0 , 0 , 0 , 3
D , 38 , 59 , 44 , 0 , 0 , 0 , 3
D , 39 , 62 , 50 , 0 , 0 , 0 , -3
D , 40 , 64 , 58 , 0 , 0 , 0 , 0
D , 41 , 67 , 57 , 0 , 0 , 0 , 3
D , 42 , 70 , 56 , 0 , 0 , 0 , 0
D , 43 , 73 , 57 , 0 , 0 , 0 , 0
D , 44 , 76 , 61 , 0 , 0 , 0 , 3
D , 45 , 79 , 68 , 0 , 0 , 0 , 3
D , 46 , 83 , 76 , 0 , 0 , -4 , 0
D , 47 , 87 , 78 , 0 , 0 , 0 , 0
D , 48 , 91 , 77 , 0 , 0 , 0 , 0
D , 49 , 94 , 76 , 0 , 0 , 0 , -3
D , 50 , 98 , 75 , 0 , 0 , 0 , -3
D , 51 , 102 , 82 , 0 , 0 , 0 , 0
D , 52 , 106 , 90 , 0 , 0 , 0 , 0
D , 53 , 112 , 96 , 0 , 0 , 0 , 0
D , 54 , 117 , 102 , 0 , 0 , 0 , 3
D , 55 , 122 , 103 , 0 , 0 , 0 , -3
D , 56 , 127 , 103 , 0 , 0 , 0 , 0
D , 57 , 132 , 105 , 0 , 0 , 0 , -3
D , 58 , 137 , 111 , 0 , 0 , 0 , -3
D , 59 , 143 , 119 , 0 , 0 , 0 , 0
D , 60 , 149 , 126 , 0 , 0 , 0 , 0
D , 61 , 155 , 135 , 0 , 0 , 0 , -3
D , 62 , 164 , 141 , 0 , 0 , 0 , -3
D , 63 , 171 , 147 , 0 , 0 , 0 , 0
D , 64 , 178 , 152 , 0 , 0 , 0 , -3
D , 65 , 186 , 159 , 0 , 0 , 0 , -3
D , 66 , 194 , 166 , 0 , 0 , 4 , 0
D , 67 , 202 , 176 , 0 , 0 , 0 , -3
D , 68 , 211 , 189 , 0 , 0 , 0 , 0
D , 69 , 221 , 199 , 0 , 0 , 0 , 0
D , 70 , 231 , 211 , 0 , 0 , 0 , 0
D , 71 , 244 , 217 , 0 , -1 , 0 , -3
D , 72 , 254 , 227 , 0 , -1 , 0 , -4
D , 73 , 266 , 234 , 0 , -1 , 0 , -4
D , 74 , 277 , 245 , 0 , -1 , 0 , -7
D , 75 , 290 , 257 , 0 , -1 , 0 , -4
D , 76 , 303 , 268 , 0 , -1 , 0 , -7
D , 77 , 316 , 275 , 0 , -1 , 0 , -4
D , 78 , 329 , 280 , 0 , -1 , 0 , -4
D , 79 , 343 , 292 , 0 , -1 , 0 , -4
D , 80 , 361 , 304 , 0 , -1 , 0 , -8
D , 81 , 377 , 317 , 0 , -1 , 0 , -8
D , 82 , 392 , 332 , 0 , -1 , 0 , -8
D , 83 , 409 , 345 , 0 , -1 , 0 , -4
D , 84 , 426 , 358 , 0 , -1 , 0 , -8
D , 85 , 444 , 372 , 0 , -1 , 0 , -8
D , 86 , 463 , 390 , 0 , -1 , 0 , -8
D , 87 , 482 , 412 , 0 , -1 , 0 , -8
D , 88 , 502 , 430 , 0 , -1 , 0 , -8
D , 89 , 529 , 447 , 0 , -1 , 0 , -8
D , 90 , 551 , 462 , 0 , -1 , 0 , -8
D , 91 , 574 , 476 , 0 , -1 , 0 , -8
D , 92 , 598 , 497 , 0 , -1 , 0 , -4
D , 93 , 623 , 515 , 0 , -1 , 0 , -4
D , 94 , 649 , 537 , 0 , -1 , 0 , -4
D , 95 , 676 , 565 , 0 , -1 , 0 , -4
D , 96 , 704 , 594 , 0 , -1 , 0 , -4
D , 97 , 741 , 628 , 0 , -1 , 0 , -4
D , 98 , 773 , 647 , 0 , -1 , 0 , -4
D , 99 , 805 , 668 , 0 , -1 , 0 , -4
D , 100 , 838 , 687 , 0 , -1 , 0 , 0
D , 101 , 872 , 711 , 0 , -1 , -4 , 0
D , 102 , 907 , 736 , 0 , -1 , -4 , 0
D , 103 , 944 , 763 , 0 , -1 , -4 , -4
D , 104 , 982 , 805 , 0 , -1 , -4 , 0
D , 105 , 1023 , 856 , 0 , -1 , -4 , 0
D , 106 , 1076 , 887 , -1 , -1 , -4 , 0
D , 107 , 1120 , 910 , -1 , -1 , -8 , 0
D , 108 , 1164 , 926 , -1 , -1 , -8 , 0
D , 109 , 1210 , 954 , -1 , -1 , -8 , 0
D , 110 , 1257 , 973 , -1 , -2 , -8 , 0
D , 111 , 1305 , 980 , -1 , -2 , -8 , -4
D , 112 , 1353 , 997 , -1 , -2 , -8 , -4
D , 113 , 1402 , 1036 , -1 , -2 , -8 , -4
D , 114 , 1453 , 1076 , -1 , -2 , -8 , -4
D , 115 , 1520 , 1126 , -1 , -2 , -8 , -4
D , 116 , 1577 , 1173 , -1 , -2 , -8 , -4
D , 117 , 1635 , 1223 , -1 , -2 , -12 , -4
D , 118 , 1696 , 1279 , -1 , -2 , -8 , -4
D , 119 , 1760 , 1337 , -1 , -2 , -12 , -4
D , 120 , 1828 , 1424 , -1 , -2 , -12 , -4
D , 121 , 1899 , 1491 , -1 , -2 , -8 , -4
D , 122 , 1973 , 1531 , -1 , -2 , -8 , -4
D , 123 , 2048 , 1536 , -2 , -2 , -12 , -4
D , 124 , 2141 , 1539 , -1 , -2 , -8 , -4
D , 125 , 2217 , 1572 , -2 , -2 , -8 , -4
D , 126 , 2295 , 1636 , -2 , -2 , -12 , -4
D , 127 , 2377 , 1725 , -2 , -2 , -8 , -4
D , 128 , 2464 , 1818 , -2 , -2 , -8 , -4
D , 129 , 2555 , 1911 , -1 , -2 , -4 , -4
D , 130 , 2650 , 1982 , -2 , -2 , -8 , -8
D , 131 , 2748 , 2051 , -2 , -2 , -8 , 0
D , 132 , 2849 , 2119 , -2 , -2 , -8 , -4
D , 133 , 2981 , 2224 , -2 , -2 , -8 , 0
D , 134 , 3093 , 2337 , -2 , -2 , -8 , -4
D , 135 , 3209 , 2421 , -2 , -2 , -8 , -4
D , 136 , 3328 , 2459 , -2 , -2 , -8 , 0
D , 137 , 3449 , 2501 , -2 , -2 , -4 , -4
D , 138 , 3572 , 2569 , -2 , -2 , -8 , -4
D , 139 , 3701 , 2710 , -2 , -2 , -4 , -4
D , 140 , 3838 , 2875 , -2 , -2 , -4 , -4
D , 141 , 4019 , 3042 , -2 , -2 , -4 , -4
D , 142 , 4171 , 3167 , -2 , -2 , -4 , -4
D , 143 , 4329 , 3286 , -2 , -2 , 0 , -4
D , 144 , 4492 , 3392 , -2 , -2 , -4 , -4
D , 145 , 4658 , 3451 , -2 , -2 , -4 , -4
D , 146 , 4829 , 3571 , -2 , -2 , 0 , -4
D , 147 , 5009 , 3773 , -2 , -2 , 0 , -4
D , 148 , 5201 , 4041 , -2 , -2 , 0 , -7
D , 149 , 5404 , 4256 , -2 , -2 , -4 , -7
D , 150 , 5664 , 4288 , -2 , -2 , 0 , -3
D , 151 , 5875 , 4389 , -2 , -3 , 0 , -7
D , 152 , 6095 , 4650 , -2 , -2 , 0 , -7
D , 153 , 6333 , 5029 , -2 , -2 , 0 , -7
D , 154 , 6586 , 5263 , -2 , -2 , 0 , -3
D , 155 , 6844 , 5328 , -2 , -3 , 0 , -7
D , 156 , 7108 , 5513 , -2 , -3 , 0 , -11
R, 3 , 7587 , 162 , 545 , 1
D , 0 , -84 , -14 , 0 , 0 , 0 , 0
D , 1 , -85 , -16 , 0 , 0 , 0 , 0
D , 2 , -85 , -15 , 0 , 0 , 4 , 0
D , 3 , -86 , -17 , 0 , 0 , 0 , 0
D , 4 , -87 , -16 , 0 , 0 , 4 , 0
D , 5 , -88 , -17 , 0 , 0 , 0 , 0
D , 6 , -89 , -18 , 0 , 0 , 0 , 0
D , 7 , -90 , -19 , 0 , 0 , 0 , 0
D , 8 , -91 , -19 , 0 , 0 , 0 , 0
D , 9 , -92 , -20 , 0 , 0 , 0 , 0
D , 10 , -93 , -20 , 0 , 0 , 0 , 0
D , 11 , -94 , -22 , 0 , 0 , 4 , 0
D , 12 , -95 , -20 , 0 , 0 , 0 , 0
D , 13 , -96 , -21 , 0 , 0 , 0 , 0
D , 14 , -97 , -22 , 0 , 0 , 0 , 0
D , 15 , -98 , -23 , 0 , 0 , 0 , 0
D , 16 , -99 , -23 , 0 , 0 , 0 , 0
D , 17 , -101 , -23 , 0 , 0 , 0 , 0
D , 18 , -102 , -24 , 0 , 0 , 0 , 0
D , 19 , -103 , -24 , 0 , 0 , 0 , 0
D , 20 , -104 , -27 , 0 , 0 , 0 , 0
D , 21 , -106 , -29 , 0 , 0 , -4 , 0
D , 22 , -107 , -29 , 0 , 0 , 0 , 0
D , 23 , -109 , -29 , 0 , 0 , 0 , 0
D , 24 , -110 , -31 , 0 , 0 , 0 , 0
D , 25 , -112 , -31 , 0 , 0 , 0 , 0
D , 26 , -113 , -33 , 0 , 0 , 0 , 0
D , 27 , -115 , -31 , 0 , 0 , 0 , 0
D , 28 , -117 , -33 , 0 , 0 , 0 , 0
D , 29 , -119 , -35 , 0 , 0 , 0 , 0
D , 30 , -121 , -36 , 0 , 0 , 0 , 0
D , 31 , -123 , -39 , 0 , 0 , 0 , 0
D , 32 , -124 , -39 , 0 , 0 , 0 , 0
D , 33 , -126 , -41 , 0 , 0 , 0 , 0
D , 34 , -129 , -43 , 0 , 0 , 0 , 0
D , 35 , -131 , -45 , 0 , 0 , 0 , 0
D , 36 , -133 , -47 , 0 , 0 , 0 , 0
D , 37 , -135 , -50 , 0 , 0 , 0 , 0
D , 38 , -138 , -49 , 0 , 0 , 0 , 0
D , 39 , -141 , -50 , 0 , 0 , 0 , 0
D , 40 , -143 , -54 , 0 , 0 , 0 , 0
D , 41 , -146 , -56 , 0 , 0 , 4 , 0
D , 42 , -149 , -58 , 0 , 0 , 0 , 0
D , 43 , -152 , -60 , 0 , 0 , 0 , 0
D , 44 , -155 , -62 , 0 , 0 , 0 , 0
D , 45 , -158 , -67 , 0 , 0 , 0 , 0
D , 46 , -161 , -68 , 0 , 0 , 0 , 0
D , 47 , -165 , -70 , 0 , 0 , 0 , 0
D , 48 , -169 , -75 , 0 , 0 , 0 , 0
D , 49 , -173 , -76 , 1 , 0 , 0 , 0
D , 50 , -177 , -78 , 0 , 0 , 2 , 0
D , 51 , -181 , -83 , 0 , 0 , 0 , 0
D , 52 , -185 , -85 , 1 , 0 , 0 , 0
D , 53 , -189 , -89 , 0 , 0 , 2 , 0
D , 54 , -193 , -90 , 1 , 0 , 0 , 0
D , 55 , -198 , -93 , 1 , 0 , 2 , 0
D , 56 , -204 , -97 , 1 , 0 , 2 , 0
D , 57 , -209 , -102 , 1 , 0 , 2 , 0
D , 58 , -214 , -104 , 1 , 0 , 2 , 0
D , 59 , -219 , -106 , 1 , 0 , 2 , 0
D , 60 , -224 , -112 , 1 , 0 , 2 , 0
D , 61 , -230 , -113 , 0 , 0 , 2 , 0
D , 62 , -235 , -120 , 1 , 0 , 0 , 0
D , 63 , -241 , -124 , 1 , 0 , 2 , 0
D , 64 , -248 , -129 , 1 , 0 , 2 , 0
D , 65 , -256 , -134 , 1 , 0 , 2 , 0
D , 66 , -262 , -141 , 1 , 0 , 2 , 0
D , 67 , -269 , -146 , 1 , 0 , 2 , 0
D , 68 , -276 , -149 , 1 , 0 , 2 , 0
D , 69 , -284 , -155 , 1 , 0 , 2 , 0
D , 70 , -292 , -160 , 1 , 0 , 0 , 0
D , 71 , -300 , -167 , 1 , 0 , 2 , 0
D , 72 , -308 , -176 , 1 , 0 , 2 , 0
D , 73 , -317 , -183 , 1 , 0 , 0 , 0
D , 74 , -328 , -188 , 1 , 0 , 2 , 0
D , 75 , -337 , -196 , 1 , 0 , 0 , 0
D , 76 , -347 , -204 , 1 , 0 , 0 , 0
D , 77 , -357 , -211 , 1 , 0 , 0 , 0
D , 78 , -368 , -219 , 1 , 0 , 0 , 0
D , 79 , -379 , -232 , 1 , 0 , 0 , 0
D , 80 , -391 , -242 , 1 , 0 , 0 , 0
D , 81 , -403 , -253 , 1 , 0 , 0 , 0
D , 82 , -415 , -267 , 1 , 0 , 2 , 0
D , 83 , -432 , -276 , 1 , 0 , 0 , 0
D , 84 , -446 , -288 , 1 , 0 , 0 , 0
D , 85 , -460 , -299 , 1 , 0 , 0 , 0
D , 86 , -475 , -312 , 1 , 0 , 0 , 0
D , 87 , -490 , -320 , 1 , 0 , 0 , 0
D , 88 , -506 , -329 , 1 , 0 , 0 , 0
D , 89 , -523 , -333 , 1 , 0 , 0 , 0
D , 90 , -539 , -348 , 1 , 0 , 0 , 0
D , 91 , -556 , -357 , 1 , 0 , 0 , 0
D , 92 , -578 , -371 , 1 , 0 , 0 , 0
D , 93 , -597 , -389 , 1 , 0 , 0 , 0
D , 94 , -617 , -407 , 1 , 0 , 0 , 0
D , 95 , -637 , -428 , 1 , 0 , 0 , 0
D , 96 , -658 , -448 , 1 , 0 , 0 , 0
D , 97 , -681 , -472 , 1 , 0 , 0 , 0
D , 98 , -705 , -491 , 1 , 0 , 0 , 0
D , 99 , -729 , -512 , 1 , 0 , 0 , 0
D , 100 , -754 , -533 , 1 , 0 , 0 , 0
D , 101 , -787 , -553 , 1 , 0 , 0 , 0
D , 102 , -815 , -583 , 1 , 0 , 0 , 0
D , 103 , -845 , -619 , 1 , 0 , 0 , 0
D , 104 , -876 , -656 , 1 , 0 , 0 , 0
D , 105 , -909 , -687 , 1 , 1 , 0 , 4
D , 106 , -943 , -722 , 1 , 1 , 0 , 4
D , 107 , -980 , -753 , 1 , 1 , 0 , 4
D , 108 , -1017 , -785 , 1 , 1 , 0 , 7
D , 109 , -1065 , -806 , 1 , 1 , 0 , 7
D , 110 , -1105 , -818 , 1 , 1 , 0 , 7
D , 111 , -1146 , -854 , 1 , 1 , 0 , 7
D , 112 , -1189 , -889 , 1 , 2 , 0 , 11
D , 113 , -1233 , -918 , 1 , 2 , 0 , 11
D , 114 , -1278 , -936 , 1 , 2 , 0 , 11
D , 115 , -1324 , -952 , 1 , 2 , 0 , 11
D , 116 , -1371 , -969 , 1 , 2 , 0 , 15
D , 117 , -1418 , -986 , 1 , 2 , 0 , 15
D , 118 , -1479 , -1022 , 1 , 2 , 0 , 11
D , 119 , -1530 , -1058 , 1 , 2 , 0 , 15
D , 120 , -1583 , -1100 , 1 , 2 , 0 , 11
D , 121 , -1638 , -1139 , 1 , 2 , 0 , 15
D , 122 , -1694 , -1175 , 1 , 2 , 0 , 15
D , 123 , -1752 , -1217 , 1 , 2 , 0 , 15
D , 124 , -1813 , -1263 , 1 , 2 , 0 , 11
D , 125 , -1877 , -1333 , 1 , 2 , 0 , 11
D , 126 , -1944 , -1423 , 1 , 2 , 0 , 11
D , 127 , -2032 , -1485 , 1 , 2 , 0 , 11
D , 128 , -2106 , -1544 , 1 , 2 , 0 , 8
D , 129 , -2183 , -1608 , 1 , 2 , 0 , 8
D , 130 , -2263 , -1677 , 1 , 2 , 0 , 8
D , 131 , -2347 , -1737 , 1 , 2 , 0 , 8
D , 132 , -2433 , -1786 , 1 , 2 , 0 , 4
D , 133 , -2521 , -1833 , 1 , 2 , 0 , 8
D , 134 , -2612 , -1881 , 1 , 2 , 0 , 4
D , 135 , -2705 , -1968 , 1 , 2 , 0 , 4
D , 136 , -2827 , -2045 , 1 , 2 , 0 , 0
D , 137 , -2929 , -2122 , 1 , 2 , 0 , 0
D , 138 , -3035 , -2216 , 1 , 2 , 5 , 4
D , 139 , -3146 , -2315 , 1 , 2 , 0 , 0
D , 140 , -3262 , -2446 , 1 , 2 , 0 , 4
D , 141 , -3385 , -2575 , 1 , 2 , 0 , 0
D , 142 , -3513 , -2664 , 1 , 2 , 5 , 0
D , 143 , -3644 , -2712 , 1 , 2 , 5 , 4
D , 144 , -3778 , -2761 , 1 , 2 , 0 , 8
D , 145 , -3947 , -2824 , 1 , 2 , 5 , 4
D , 146 , -4089 , -2976 , 1 , 2 , 5 , 0
D , 147 , -4239 , -3161 , 1 , 2 , 5 , 0
D , 148 , -4398 , -3345 , 1 , 2 , 5 , 0
D , 149 , -4566 , -3492 , 1 , 2 , 5 , 0
D , 150 , -4738 , -3582 , 1 , 2 , 5 , 0
D , 151 , -4915 , -3666 , 1 , 2 , 5 , 4
D , 152 , -5097 , -3782 , 1 , 2 , 5 , 0
D , 153 , -5287 , -4070 , 1 , 2 , 5 , -4
D , 154 , -5543 , -4353 , 1 , 2 , 5 , 0
D , 155 , -5760 , -4520 , 1 , 2 , 5 , 0
D , 156 , -5982 , -4577 , 2 , 2 , 9 , 4
D , 157 , -6207 , -4686 , 2 , 2 , 9 , 4
D , 158 , -6442 , -4927 , 2 , 2 , 4 , 4
D , 159 , -6693 , -5288 , 2 , 2 , 9 , 4
D , 160 , -6958 , -5541 , 2 , 2 , 9 , 4
D , 161 , -7231 , -5647 , 2 , 2 , 9 , 4
R, 4 , 7587 , 155 , 510 , -2
D , 0 , -19 , 3 , 0 , 0 , 0 , 0
D , 1 , -19 , 1 , 0 , 0 , 0 , 0
D , 2 , -19 , -1 , 0 , 0 , -5 , 0
D , 3 , -19 , -2 , 0 , 0 , 0 , 0
D , 4 , -19 , -3 , 0 , 0 , 0 , 0
D , 5 , -19 , -4 , 0 , 0 , 0 , 0
D , 6 , -20 , -7 , 0 , 0 , 0 , 0
D , 7 , -20 , -8 , 0 , 0 , 0 , 0
D , 8 , -20 , -9 , 0 , 0 , 0 , 4
D , 9 , -21 , -13 , 0 , 0 , 0 , 0
D , 10 , -22 , -10 , 0 , 0 , 0 , 0
D , 11 , -22 , -16 , 0 , 0 , 0 , 0
D , 12 , -23 , -22 , 0 , 0 , 0 , 0
D , 13 , -24 , -22 , 0 , 0 , 0 , 0
D , 14 , -26 , -24 , 0 , 0 , -5 , 0
D , 15 , -27 , -20 , 0 , 0 , 0 , 0
D , 16 , -28 , -17 , 0 , 0 , 0 , 0
D , 17 , -28 , -20 , 0 , 0 , 0 , 0
D , 18 , -29 , -18 , 0 , 0 , 0 , 0
D , 19 , -30 , -17 , 0 , 0 , 0 , 0
D , 20 , -31 , -13 , 0 , 0 , 0 , 0
D , 21 , -32 , -6 , 0 , 0 , 0 , 0
D , 22 , -32 , 0 , 0 , 0 , 0 , 0
D , 23 , -32 , 3 , 0 , 0 , 0 , 0
D , 24 , -32 , 4 , 0 , 0 , 0 , 0
D , 25 , -31 , 5 , 0 , 0 , 0 , 0
D , 26 , -31 , 10 , 0 , 0 , 0 , 0
D , 27 , -30 , 14 , 0 , 0 , 0 , 0
D , 28 , -29 , 24 , 0 , 0 , 0 , -4
D , 29 , -28 , 31 , 0 , 0 , 0 , 0
D , 30 , -26 , 31 , 0 , 0 , 0 , 0
D , 31 , -25 , 31 , 1 , 0 , 0 , 0
D , 32 , -23 , 30 , 0 , 0 , 5 , 0
D , 33 , -22 , 34 , 0 , 0 , 0 , 0
D , 34 , -20 , 34 , 0 , 0 , 0 , 0
D , 35 , -18 , 42 , 0 , 0 , 0 , 0
D , 36 , -16 , 49 , 0 , 0 , 0 , 0
D , 37 , -13 , 51 , 0 , 0 , 0 , 0
D , 38 , -10 , 51 , 0 , 0 , 0 , 0
D , 39 , -8 , 50 , 0 , 0 , 0 , 0
D , 40 , -5 , 53 , 0 , 0 , 0 , 0
D , 41 , -2 , 57 , 0 , 0 , 0 , 0
D , 42 , 0 , 63 , 0 , 0 , 0 , 0
D , 43 , 3 , 70 , 0 , 0 , 0 , 0
D , 44 , 6 , 75 , 0 , 0 , 0 , 0
D , 45 , 10 , 75 , 0 , 0 , 0 , 0
D , 46 , 15 , 75 , 0 , 0 , 0 , 0
D , 47 , 18 , 77 , 0 , 0 , 0 , 0
D , 48 , 22 , 82 , 0 , 0 , 0 , 0
D , 49 , 26 , 89 , 1 , 0 , 0 , 0
D , 50 , 31 , 94 , 0 , 0 , 5 , 0
D , 51 , 36 , 96 , 0 , 0 , 0 , 0
D , 52 , 40 , 98 , 0 , 0 , -5 , 0
D , 53 , 45 , 101 , 0 , 0 , 0 , 0
D , 54 , 50 , 104 , 0 , 0 , 0 , 0
D , 55 , 57 , 108 , 0 , 0 , 0 , 0
D , 56 , 62 , 113 , 0 , 0 , 0 , 0
D , 57 , 68 , 119 , 0 , 0 , 0 , 0
D , 58 , 74 , 126 , 0 , 0 , 0 , 0
D , 59 , 80 , 131 , 0 , 0 , 0 , 0
D , 60 , 87 , 134 , 0 , 0 , 0 , 0
D , 61 , 93 , 137 , 0 , 0 , 0 , 0
D , 62 , 100 , 144 , 0 , 0 , 0 , 0
D , 63 , 109 , 153 , 0 , 0 , 0 , 0
D , 64 , 117 , 162 , 0 , 0 , 0 , 0
D , 65 , 125 , 170 , 0 , 0 , 0 , 0
D , 66 , 134 , 181 , 0 , 0 , 0 , 0
D , 67 , 143 , 187 , 0 , 0 , 0 , 0
D , 68 , 152 , 193 , 0 , 0 , 0 , 0
D , 69 , 162 , 201 , 0 , 0 , 0 , 0
D , 70 , 172 , 212 , 0 , 0 , -5 , 0
D , 71 , 182 , 225 , 0 , 0 , 0 , 0
D , 72 , 197 , 237 , 0 , 0 , 0 , 0
D , 73 , 208 , 250 , 0 , 0 , 0 , 0
D , 74 , 221 , 259 , 0 , 0 , 0 , 0
D , 75 , 234 , 271 , 0 , 0 , 0 , 0
D , 76 , 247 , 285 , 0 , 0 , 0 , 0
D , 77 , 262 , 294 , 1 , 0 , 0 , 0
D , 78 , 277 , 311 , 0 , 0 , 5 , 0
D , 79 , 292 , 327 , 0 , 0 , 0 , 0
D , 80 , 308 , 343 , 0 , 0 , 0 , 0
D , 81 , 330 , 357 , 0 , 0 , 0 , 0
D , 82 , 347 , 371 , 0 , 0 , 0 , 0
D , 83 , 366 , 386 , 0 , 0 , 0 , 0
D , 84 , 385 , 402 , 0 , 0 , 0 , 0
D , 85 , 406 , 422 , 0 , 0 , 0 , 0
D , 86 , 427 , 439 , 0 , 0 , 0 , 0
D , 87 , 449 , 458 , 1 , 0 , 0 , 0
D , 88 , 471 , 486 , 0 , 0 , 5 , 0
D , 89 , 496 , 507 , 0 , 0 , 0 , 0
D , 90 , 527 , 529 , 0 , 0 , 0 , 0
D , 91 , 553 , 553 , 0 , 0 , 0 , 0
D , 92 , 581 , 581 , 0 , 0 , 0 , 0
D , 93 , 610 , 607 , 0 , 0 , 0 , 0
D , 94 , 640 , 628 , 0 , 0 , 0 , 0
D , 95 , 671 , 643 , 0 , 0 , -2 , 0
D , 96 , 703 , 663 , 0 , 0 , 0 , 0
D , 97 , 736 , 696 , 0 , 0 , -2 , 0
D , 98 , 780 , 726 , 0 , 0 , -7 , 0
D , 99 , 816 , 763 , 0 , 0 , -2 , 0
D , 100 , 854 , 803 , 0 , 0 , -2 , 0
D , 101 , 895 , 859 , -1 , 0 , -6 , 0
D , 102 , 938 , 902 , -1 , 0 , -6 , 0
D , 103 , 983 , 922 , -1 , 0 , -6 , -4
D , 104 , 1027 , 919 , -1 , 0 , -10 , -4
D , 105 , 1072 , 927 , -1 , -1 , -10 , -4
D , 106 , 1117 , 933 , -1 , -1 , -10 , -8
D , 107 , 1174 , 945 , -1 , -1 , -6 , -8
D , 108 , 1221 , 966 , -1 , -1 , -11 , -8
D , 109 , 1269 , 990 , -1 , -1 , -10 , -12
D , 110 , 1318 , 1036 , -1 , -1 , -10 , -12
D , 111 , 1370 , 1085 , -1 , -1 , -10 , -12
D , 112 , 1424 , 1117 , -1 , -1 , -6 , -12
D , 113 , 1479 , 1148 , -1 , -1 , -10 , -12
D , 114 , 1537 , 1203 , -1 , -1 , -10 , -12
D , 115 , 1597 , 1283 , -1 , -1 , -8 , -12
D , 116 , 1677 , 1341 , -1 , -1 , -14 , -12
D , 117 , 1743 , 1384 , -1 , -1 , -8 , -12
D , 118 , 1812 , 1416 , -1 , -1 , -12 , -12
D , 119 , 1882 , 1455 , -1 , -1 , -12 , -12
D , 120 , 1954 , 1496 , -1 , -1 , -12 , -12
D , 121 , 2028 , 1528 , -1 , -1 , -8 , -12
D , 122 , 2103 , 1571 , -1 , -1 , -8 , -12
D , 123 , 2181 , 1618 , -1 , -1 , -8 , -8
D , 124 , 2262 , 1709 , -1 , -1 , -4 , -8
D , 125 , 2368 , 1790 , -1 , -1 , -4 , -8
D , 126 , 2458 , 1873 , -1 , -1 , -4 , -4
D , 127 , 2551 , 1956 , -1 , -2 , -8 , -4
D , 128 , 2648 , 2017 , -1 , -1 , -8 , -7
D , 129 , 2748 , 2085 , -1 , -1 , -4 , 0
D , 130 , 2852 , 2161 , -1 , -2 , -4 , 0
D , 131 , 2961 , 2275 , -1 , -1 , -4 , -3
D , 132 , 3074 , 2404 , -1 , -1 , -8 , 0
D , 133 , 3222 , 2461 , -2 , -2 , -4 , 0
D , 134 , 3344 , 2509 , -1 , -2 , -4 , -3
D , 135 , 3467 , 2562 , -1 , -2 , -4 , -3
D , 136 , 3595 , 2679 , -1 , -2 , 0 , -3
D , 137 , 3730 , 2834 , -1 , -2 , -4 , -3
D , 138 , 3872 , 2979 , -1 , -2 , 0 , -3
D , 139 , 4020 , 3088 , -2 , -2 , 0 , -3
D , 140 , 4174 , 3221 , -2 , -2 , -4 , -3
D , 141 , 4335 , 3371 , -2 , -2 , -4 , -3
D , 142 , 4542 , 3441 , -2 , -2 , -4 , -3
D , 143 , 4712 , 3525 , -2 , -2 , -4 , -3
D , 144 , 4888 , 3702 , -2 , -2 , -4 , -3
D , 145 , 5075 , 3951 , -2 , -2 , -4 , -3
D , 146 , 5275 , 4195 , -2 , -2 , -4 , -3
D , 147 , 5482 , 4294 , -2 , -2 , -4 , -3
D , 148 , 5692 , 4311 , -2 , -2 , -4 , -4
D , 149 , 5907 , 4503 , -2 , -2 , -4 , -11
D , 150 , 6134 , 4905 , -2 , -2 , -4 , -7
D , 151 , 6442 , 5190 , -2 , -2 , -4 , -4
D , 152 , 6698 , 5292 , -2 , -2 , -4 , -7
D , 153 , 6960 , 5446 , -1 , -2 , -4 , -7
D , 154 , 7232 , 5744 , -2 , -2 , 0 , -8
R, 5 , 7586 , 168 , 575 , 1
D , 0 , -81 , -32 , 0 , 0 , 0 , 0
D , 1 , -82 , -31 , 0 , 0 , 0 , 0
D , 2 , -84 , -30 , 0 , 0 , 0 , 0
D , 3 , -85 , -30 , 0 , 0 , 0 , -4
D , 4 , -87 , -34 , 0 , 0 , 0 , 0
D , 5 , -89 , -33 , 0 , 0 , 0 , -4
D , 6 , -91 , -33 , 0 , 0 , 0 , 0
D , 7 , -92 , -34 , 0 , 0 , 0 , 0
D , 8 , -94 , -34 , 0 , 0 , 0 , 0
D , 9 , -96 , -35 , 0 , 0 , 0 , 0
D , 10 , -97 , -36 , 0 , 0 , 0 , 0
D , 11 , -99 , -35 , 0 , 0 , 0 , 0
D , 12 , -101 , -36 , 0 , 0 , 0 , -4
D , 13 , -103 , -36 , 0 , 0 , 0 , 0
D , 14 , -105 , -36 , 0 , 0 , 0 , 0
D , 15 , -107 , -38 , 0 , 0 , 0 , 0
D , 16 , -109 , -37 , 0 , 0 , 2 , 0
D , 17 , -110 , -37 , 0 , 0 , 0 , -4
D , 18 , -112 , -38 , 0 , 0 , 0 , 0
D , 19 , -114 , -39 , 0 , 0 , 0 , 4
D , 20 , -116 , -40 , 0 , 0 , 0 , 0
D , 21 , -118 , -40 , 0 , 0 , 0 , 0
D , 22 , -120 , -39 , 0 , 0 , 0 , 0
D , 23 , -122 , -41 , 0 , 0 , 0 , 4
D , 24 , -124 , -41 , 0 , 0 , 0 , 0
D , 25 , -126 , -41 , 0 , 0 , 0 , 4
D , 26 , -129 , -44 , 0 , 0 , 0 , 0
D , 27 , -131 , -43 , 0 , 0 , 0 , 0
D , 28 , -133 , -45 , 0 , 0 , 0 , 0
D , 29 , -135 , -45 , 0 , 0 , 0 , 0
D , 30 , -137 , -44 , 0 , 0 , -2 , 0
D , 31 , -139 , -46 , 0 , 0 , 0 , -4
D , 32 , -142 , -45 , 0 , 0 , 0 , 4
D , 33 , -144 , -47 , 0 , 0 , 0 , 0
D , 34 , -147 , -46 , 0 , 0 , 0 , -4
D , 35 , -149 , -48 , 0 , 0 , 0 , 0
D , 36 , -151 , -48 , 0 , 0 , 0 , -4
D , 37 , -154 , -50 , 0 , 0 , 0 , 4
D , 38 , -156 , -49 , 0 , 0 , 0 , 4
D , 39 , -159 , -50 , 0 , 0 , 0 , 0
D , 40 , -162 , -52 , 0 , 0 , -2 , 0
D , 41 , -165 , -54 , 0 , 0 , 0 , 0
D , 42 , -167 , -57 , 0 , 0 , 0 , 0
D , 43 , -170 , -54 , 0 , 0 , 0 , -4
D , 44 , -173 , -57 , 0 , 0 , 0 , -4
D , 45 , -175 , -57 , 0 , 0 , 0 , 0
D , 46 , -178 , -59 , 0 , 0 , 0 , 0
D , 47 , -181 , -60 , 0 , 0 , 0 , 0
D , 48 , -185 , -62 , 0 , 0 , 0 , -4
D , 49 , -188 , -65 , 0 , 0 , 0 , 0
D , 50 , -191 , -67 , 0 , 0 , 2 , 0
D , 51 , -195 , -68 , 0 , 0 , -2 , 4
D , 52 , -198 , -70 , 0 , 0 , 0 , 0
D , 53 , -202 , -74 , 0 , 0 , 0 , 0
D , 54 , -205 , -75 , 0 , 0 , 0 , 4
D , 55 , -209 , -77 , 0 , 0 , 0 , 0
D , 56 , -213 , -79 , 0 , 0 , 0 , 4
D , 57 , -217 , -84 , 0 , 0 , 0 , 0
D , 58 , -222 , -90 , 0 , 0 , 0 , -4
D , 59 , -227 , -94 , 0 , 0 , 0 , 0
D , 60 , -231 , -99 , 0 , 0 , 2 , 0
D , 61 , -236 , -101 , 0 , 0 , 0 , 0
D , 62 , -241 , -107 , 0 , 0 , 0 , 0
D , 63 , -247 , -112 , 0 , 0 , 0 , 4
D , 64 , -252 , -119 , 0 , 0 , 0 , 4
D , 65 , -258 , -125 , 1 , 0 , 0 , 0
D , 66 , -265 , -127 , 1 , 0 , 5 , 0
D , 67 , -272 , -128 , 1 , 0 , 5 , 0
D , 68 , -279 , -127 , 1 , 0 , 5 , 4
D , 69 , -285 , -127 , 0 , 0 , 5 , 0
D , 70 , -291 , -129 , 1 , 0 , 0 , 0
D , 71 , -297 , -131 , 1 , 0 , 7 , 0
D , 72 , -304 , -136 , 1 , 0 , 5 , 0
D , 73 , -311 , -141 , 1 , 0 , 5 , 0
D , 74 , -318 , -149 , 1 , 0 , 5 , 0
D , 75 , -327 , -152 , 1 , 0 , 5 , -4
D , 76 , -334 , -158 , 1 , 0 , 5 , -4
D , 77 , -342 , -165 , 1 , 0 , 5 , 0
D , 78 , -351 , -171 , 1 , 0 , 5 , 4
D , 79 , -359 , -181 , 1 , 0 , 5 , 0
D , 80 , -368 , -186 , 1 , 0 , 5 , 0
D , 81 , -378 , -195 , 1 , 0 , 5 , 0
D , 82 , -387 , -199 , 1 , 0 , 5 , 0
D , 83 , -397 , -208 , 1 , 0 , 5 , 0
D , 84 , -410 , -219 , 1 , 0 , 5 , 0
D , 85 , -421 , -226 , 1 , 0 , 5 , 0
D , 86 , -432 , -236 , 1 , 0 , 0 , 0
D , 87 , -444 , -251 , 1 , 0 , 0 , 0
D , 88 , -457 , -261 , 1 , 0 , 0 , 0
D , 89 , -470 , -276 , 1 , 0 , 0 , 0
D , 90 , -484 , -287 , 1 , 0 , 5 , 0
D , 91 , -498 , -299 , 1 , 0 , 0 , 0
D , 92 , -513 , -312 , 1 , 0 , 0 , 0
D , 93 , -532 , -324 , 1 , 0 , 0 , 0
D , 94 , -549 , -342 , 1 , 0 , 0 , 0
D , 95 , -566 , -361 , 1 , 0 , 0 , 4
D , 96 , -584 , -374 , 1 , 0 , 0 , 4
D , 97 , -602 , -384 , 1 , 0 , 0 , 0
D , 98 , -621 , -386 , 1 , 0 , 0 , 0
D , 99 , -640 , -384 , 1 , 0 , 0 , -4
D , 100 , -659 , -387 , 1 , 0 , 0 , 0
D , 101 , -678 , -405 , 0 , 0 , -5 , 0
D , 102 , -703 , -427 , 1 , 0 , 0 , 0
D , 103 , -725 , -457 , 1 , 0 , 0 , 0
D , 104 , -748 , -485 , 1 , 0 , 0 , 0
D , 105 , -772 , -510 , 1 , 0 , 0 , 0
D , 106 , -798 , -527 , 1 , 0 , 0 , 0
D , 107 , -824 , -540 , 1 , 0 , 0 , 0
D , 108 , -851 , -557 , 1 , 0 , 0 , 0
D , 109 , -878 , -584 , 1 , 0 , 0 , 0
D , 110 , -907 , -614 , 1 , 0 , 0 , -4
D , 111 , -946 , -646 , 1 , 0 , 0 , 0
D , 112 , -978 , -688 , 1 , 0 , 0 , 0
D , 113 , -1013 , -729 , 1 , 0 , 0 , 0
D , 114 , -1050 , -770 , 1 , 0 , 0 , 0
D , 115 , -1089 , -806 , 0 , 0 , -5 , 3
D , 116 , -1129 , -839 , 0 , 0 , -5 , 3
D , 117 , -1170 , -862 , 1 , 0 , 0 , 3
D , 118 , -1213 , -880 , 1 , 1 , 0 , 3
D , 119 , -1267 , -893 , 1 , 1 , 0 , 11
D , 120 , -1310 , -907 , 1 , 1 , 0 , 7
D , 121 , -1355 , -926 , 1 , 1 , 5 , 11
D , 122 , -1401 , -949 , 0 , 1 , -5 , 11
D , 123 , -1448 , -977 , 0 , 1 , -5 , 11
D , 124 , -1497 , -1011 , 0 , 1 , -5 , 11
D , 125 , -1547 , -1056 , 0 , 1 , -5 , 11
D , 126 , -1600 , -1094 , 0 , 1 , -5 , 11
D , 127 , -1654 , -1141 , 1 , 1 , 0 , 11
D , 128 , -1724 , -1175 , 0 , 1 , -5 , 11
D , 129 , -1782 , -1204 , 0 , 1 , -5 , 11
D , 130 , -1842 , -1240 , 0 , 1 , -5 , 15
D , 131 , -1904 , -1292 , 0 , 1 , -5 , 11
D , 132 , -1969 , -1365 , 0 , 1 , -5 , 11
D , 133 , -2038 , -1441 , 0 , 1 , -5 , 11
D , 134 , -2110 , -1503 , 0 , 1 , -5 , 11
D , 135 , -2184 , -1564 , 1 , 1 , 5 , 8
D , 136 , -2263 , -1651 , 0 , 1 , 0 , 8
D , 137 , -2365 , -1718 , 1 , 2 , 0 , 12
D , 138 , -2451 , -1777 , 0 , 1 , -5 , 8
D , 139 , -2538 , -1824 , 0 , 2 , -5 , 8
D , 140 , -2629 , -1868 , 0 , 1 , -5 , 4
D , 141 , -2721 , -1917 , 0 , 2 , -5 , 4
D , 142 , -2816 , -1984 , 0 , 2 , 0 , 4
D , 143 , -2915 , -2057 , 0 , 2 , 0 , 4
D , 144 , -3017 , -2135 , 1 , 1 , 5 , 0
D , 145 , -3124 , -2257 , 0 , 1 , 0 , 0
D , 146 , -3265 , -2383 , 1 , 1 , 5 , 0
D , 147 , -3385 , -2520 , 0 , 1 , -5 , 0
D , 148 , -3511 , -2640 , 1 , 2 , 5 , 4
D , 149 , -3642 , -2710 , 0 , 2 , 0 , 4
D , 150 , -3775 , -2748 , 1 , 1 , 5 , 0
D , 151 , -3910 , -2785 , 1 , 2 , 5 , 4
D , 152 , -4047 , -2864 , 0 , 2 , 0 , 4
D , 153 , -4191 , -3071 , 1 , 2 , 5 , 4
D , 154 , -4383 , -3251 , 1 , 1 , 5 , 0
D , 155 , -4547 , -3423 , 1 , 2 , 0 , 4
D , 156 , -4717 , -3545 , 1 , 2 , 5 , 4
D , 157 , -4893 , -3643 , 1 , 2 , 0 , 0
D , 158 , -5072 , -3727 , 1 , 2 , 5 , 4
D , 159 , -5258 , -3896 , 1 , 2 , 5 , 0
D , 160 , -5455 , -4150 , 1 , 2 , 5 , 4
D , 161 , -5665 , -4425 , 1 , 2 , 5 , 0
D , 162 , -5885 , -4568 , 1 , 2 , 9 , 0
D , 163 , -6163 , -4601 , 1 , 2 , 9 , 0
D , 164 , -6392 , -4771 , 1 , 2 , 4 , 4
D , 165 , -6634 , -5102 , 1 , 2 , 9 , 4
D , 166 , -6892 , -5425 , 1 , 2 , 4 , 4
D , 167 , -7161 , -5574 , 1 , 2 , 9 , 4
R, 6 , 7586 , 140 , 440 , -1
D , 0 , 16 , 6 , 0 , 0 , 0 , 0
D , 1 , 16 , 8 , 0 , 0 , 0 , 0
D , 2 , 16 , 8 , 0 , 0 , 0 , 0
D , 3 , 17 , 7 , 0 , 0 , 0 , 0
D , 4 , 17 , 5 , 0 , 0 , 0 , 3
D , 5 , 17 , 5 , 0 , 0 , 0 , 0
D , 6 , 18 , 5 , 0 , 0 , 0 , 0
D , 7 , 18 , 10 , 0 , 0 , 4 , 0
D , 8 , 19 , 10 , 0 , 0 , 0 , 0
D , 9 , 19 , 10 , 0 , 0 , -4 , 0
D , 10 , 20 , 7 , 0 , 0 , -4 , 0
D , 11 , 20 , 5 , 0 , 0 , 0 , 3
D , 12 , 20 , 6 , 0 , 0 , 0 , 0
D , 13 , 21 , 4 , 0 , 0 , 0 , -3
D , 14 , 21 , 3 , 0 , 0 , 0 , 0
D , 15 , 21 , 3 , 0 , 0 , 0 , 3
D , 16 , 21 , 2 , 0 , 0 , 0 , 0
D , 17 , 21 , 4 , 0 , 0 , 0 , 0
D , 18 , 21 , 3 , 0 , 0 , -4 , 3
D , 19 , 21 , 0 , 0 , 0 , -4 , 0
D , 20 , 21 , -1 , 0 , 0 , 0 , 0
D , 21 , 21 , -3 , 0 , 0 , 0 , 0
D , 22 , 21 , -5 , 0 , 0 , 0 , 0
D , 23 , 21 , -2 , 0 , 0 , 0 , 0
D , 24 , 21 , 0 , 0 , 0 , 0 , 0
D , 25 , 21 , 5 , 0 , 0 , 0 , 0
D , 26 , 21 , 5 , 0 , 0 , -4 , -3
D , 27 , 21 , 4 , 0 , 0 , 0 , 0
D , 28 , 22 , 3 , 0 , 0 , 0 , 0
D , 29 , 22 , 6 , 0 , 0 , 4 , 0
D , 30 , 22 , 8 , 0 , 0 , 4 , -3
D , 31 , 23 , 13 , 0 , 0 , 0 , 0
D , 32 , 23 , 16 , 0 , 0 , 0 , 0
D , 33 , 24 , 15 , 0 , 0 , 0 , 3
D , 34 , 25 , 16 , 0 , 0 , 0 , 0
D , 35 , 26 , 19 , 0 , 0 , 0 , -3
D , 36 , 27 , 26 , 0 , 0 , 0 , 0
D , 37 , 29 , 33 , 0 , 0 , 0 , 0
D , 38 , 31 , 42 , 0 , 0 , 4 , 0
D , 39 , 33 , 48 , 0 , 0 , 4 , 3
D , 40 , 35 , 53 , 0 , 0 , 0 , -3
D , 41 , 38 , 61 , 0 , 0 , 0 , 0
D , 42 , 41 , 68 , 0 , 0 , 0 , 0
D , 43 , 46 , 80 , 0 , 0 , 0 , -3
D , 44 , 50 , 87 , 0 , 0 , 0 , -3
D , 45 , 54 , 97 , 0 , 0 , 0 , 0
D , 46 , 59 , 103 , 0 , 0 , 4 , 3
D , 47 , 65 , 110 , 0 , 0 , 0 , -3
D , 48 , 70 , 114 , 0 , 0 , 0 , 3
D , 49 , 76 , 122 , 0 , 0 , 0 , -3
D , 50 , 82 , 134 , 0 , 0 , 0 , 0
D , 51 , 89 , 146 , 0 , 0 , 0 , 0
D , 52 , 99 , 160 , 0 , 0 , 0 , -3
D , 53 , 107 , 167 , 0 , 0 , 0 , -3
D , 54 , 115 , 175 , 0 , 0 , 0 , -3
D , 55 , 124 , 181 , 0 , 0 , 0 , 3
D , 56 , 133 , 190 , 0 , 0 , 0 , -3
D , 57 , 142 , 201 , 0 , 0 , 0 , 0
D , 58 , 153 , 215 , 0 , 0 , 0 , 0
D , 59 , 163 , 226 , 0 , 0 , 0 , -3
D , 60 , 175 , 243 , 0 , 0 , 0 , 3
D , 61 , 190 , 255 , 0 , 0 , 0 , 0
D , 62 , 203 , 266 , 0 , 0 , 0 , 0
D , 63 , 216 , 279 , 0 , 0 , 0 , 3
D , 64 , 230 , 294 , 0 , 0 , 0 , 3
D , 65 , 245 , 309 , 0 , 0 , 0 , 0
D , 66 , 260 , 328 , 0 , 0 , 0 , 0
D , 67 , 277 , 345 , 0 , 0 , 0 , 0
D , 68 , 294 , 360 , 0 , 0 , 0 , 0
D , 69 , 317 , 383 , 0 , 0 , -4 , 3
D , 70 , 336 , 401 , 0 , 0 , 0 , 3
D , 71 , 356 , 422 , 0 , 0 , 0 , 0
D , 72 , 377 , 440 , 0 , 0 , 0 , 0
D , 73 , 399 , 460 , 0 , 0 , 0 , 3
D , 74 , 422 , 481 , 0 , 0 , 0 , 0
D , 75 , 446 , 500 , 0 , 0 , 0 , 0
D , 76 , 471 , 523 , 0 , 0 , 0 , 3
D , 77 , 497 , 550 , 0 , 0 , 0 , -3
D , 78 , 532 , 574 , 0 , 0 , 0 , 0
D , 79 , 560 , 597 , 0 , 0 , 0 , 3
D , 80 , 590 , 621 , 0 , 0 , 0 , 0
D , 81 , 621 , 651 , 0 , 0 , 0 , -3
D , 82 , 654 , 680 , 0 , 0 , -4 , 0
D , 83 , 688 , 708 , 0 , 0 , 0 , 0
D , 84 , 723 , 732 , 0 , 0 , 0 , 0
D , 85 , 759 , 762 , 0 , 0 , -4 , 0
D , 86 , 796 , 782 , 0 , 0 , -4 , 0
D , 87 , 845 , 803 , 0 , 0 , -4 , -3
D , 88 , 884 , 830 , 0 , 0 , -4 , -3
D , 89 , 926 , 858 , 0 , 0 , 0 , -3
D , 90 , 968 , 885 , 0 , 0 , -4 , -3
D , 91 , 1012 , 913 , 0 , 0 , 0 , -3
D , 92 , 1057 , 945 , 0 , 0 , -4 , 0
D , 93 , 1104 , 975 , 0 , 0 , -4 , -3
D , 94 , 1153 , 1018 , 0 , 0 , 0 , 0
D , 95 , 1204 , 1065 , 0 , 0 , 0 , -3
D , 96 , 1269 , 1095 , 0 , 0 , -4 , -3
D , 97 , 1324 , 1131 , 0 , 0 , -4 , 0
D , 98 , 1380 , 1174 , 0 , 0 , -4 , -3
D , 99 , 1438 , 1215 , 0 , 0 , -4 , -3
D , 100 , 1499 , 1263 , 0 , 0 , -4 , -3
D , 101 , 1562 , 1313 , 0 , 0 , -4 , 0
D , 102 , 1627 , 1371 , 0 , 0 , 0 , -3
D , 103 , 1696 , 1428 , 0 , 0 , -4 , -3
D , 104 , 1767 , 1507 , 0 , 0 , -4 , -3
D , 105 , 1860 , 1556 , -1 , 0 , -4 , -3
D , 106 , 1937 , 1588 , -1 , 0 , -4 , -3
D , 107 , 2015 , 1616 , -1 , 0 , -8 , 0
D , 108 , 2095 , 1662 , -1 , 0 , -4 , 0
D , 109 , 2177 , 1726 , 0 , 0 , -4 , 0
D , 110 , 2264 , 1806 , -1 , 0 , 0 , 0
D , 111 , 2354 , 1895 , 0 , 0 , -8 , 0
D , 112 , 2449 , 1978 , 0 , 0 , 0 , 0
D , 113 , 2547 , 2052 , -1 , 0 , 0 , 0
D , 114 , 2674 , 2119 , -1 , 0 , -8 , 0
D , 115 , 2780 , 2203 , -1 , 0 , -8 , 0
D , 116 , 2891 , 2334 , -1 , 0 , -4 , 0
D , 117 , 3008 , 2444 , -1 , -1 , -4 , 0
D , 118 , 3128 , 2504 , -1 , 0 , -4 , -4
D , 119 , 3251 , 2537 , -1 , -1 , -4 , 0
D , 120 , 3376 , 2577 , -1 , -1 , -4 , -4
D , 121 , 3504 , 2721 , -1 , -1 , -4 , -4
D , 122 , 3674 , 2884 , -1 , -1 , -4 , -4
D , 123 , 3819 , 3034 , -1 , -1 , -4 , -4
D , 124 , 3971 , 3160 , -1 , -1 , -4 , -4
D , 125 , 4128 , 3286 , -1 , -1 , -4 , -4
D , 126 , 4291 , 3402 , -1 , -1 , -4 , -4
D , 127 , 4459 , 3468 , -1 , -1 , -4 , -4
D , 128 , 4630 , 3566 , -1 , -1 , -4 , -4
D , 129 , 4809 , 3749 , -1 , -1 , -4 , -4
D , 130 , 4999 , 4010 , -1 , -1 , -4 , -4
D , 131 , 5254 , 4271 , -1 , -1 , -4 , -4
D , 132 , 5463 , 4324 , -1 , -1 , -4 , -4
D , 133 , 5675 , 4389 , -1 , -1 , -8 , -8
D , 134 , 5895 , 4616 , -1 , -1 , -4 , -8
D , 135 , 6130 , 4974 , -1 , -1 , -4 , -8
D , 136 , 6380 , 5232 , -1 , -1 , 0 , -4
D , 137 , 6638 , 5318 , -1 , -1 , -4 , -4
D , 138 , 6902 , 5500 , -1 , -1 , -4 , -4
D , 139 , 7178 , 5933 , -1 , -1 , -4 , -8
R, 7 , 7586 , 166 , 565 , 1
D , 0 , -92 , -27 , 0 , 0 , 0 , 0
D , 1 , -94 , -27 , 0 , 0 , 4 , 4
D , 2 , -95 , -31 , 0 , 0 , 0 , 4
D , 3 , -97 , -33 , 0 , 0 , 0 , 4
D , 4 , -99 , -32 , 0 , 0 , 0 , 0
D , 5 , -100 , -31 , 0 , 0 , 0 , 0
D , 6 , -102 , -27 , 0 , 0 , 0 , 0
D , 7 , -103 , -27 , 0 , 0 , 0 , 0
D , 8 , -104 , -28 , 0 , 0 , 0 , 0
D , 9 , -106 , -28 , 0 , 0 , 0 , 0
D , 10 , -107 , -31 , 0 , 0 , 0 , 0
D , 11 , -109 , -31 , 0 , 0 , 0 , 0
D , 12 , -110 , -29 , 0 , 0 , 0 , 0
D , 13 , -112 , -30 , 0 , 0 , 0 , 4
D , 14 , -113 , -24 , 0 , 0 , 0 , 4
D , 15 , -115 , -28 , 0 , 0 , 4 , 0
D , 16 , -116 , -28 , 0 , 0 , 0 , 0
D , 17 , -118 , -29 , 0 , 0 , 0 , 0
D , 18 , -119 , -31 , 0 , 0 , 0 , -4
D , 19 , -120 , -30 , 0 , 0 , 0 , 0
D , 20 , -122 , -29 , 0 , 0 , 0 , 0
D , 21 , -124 , -29 , 0 , 0 , 0 , -4
D , 22 , -125 , -29 , 0 , 0 , 0 , -4
D , 23 , -127 , -29 , 0 , 0 , 0 , -4
D , 24 , -128 , -32 , 0 , 0 , 0 , 0
D , 25 , -130 , -33 , 0 , 0 , 0 , 0
D , 26 , -132 , -31 , 0 , 0 , 0 , -4
D , 27 , -133 , -32 , 0 , 0 , 0 , 0
D , 28 , -135 , -33 , 0 , 0 , 0 , 0
D , 29 , -137 , -37 , 0 , 0 , 0 , 4
D , 30 , -139 , -40 , 0 , 0 , 0 , 0
D , 31 , -141 , -38 , 0 , 0 , 0 , 0
D , 32 , -143 , -41 , 0 , 0 , 0 , 0
D , 33 , -145 , -42 , 0 , 0 , 0 , -4
D , 34 , -147 , -43 , 0 , 0 , 0 , -4
D , 35 , -149 , -45 , 0 , 0 , 0 , 0
D , 36 , -151 , -45 , 0 , 0 , 0 , 0
D , 37 , -154 , -49 , 0 , 0 , 0 , 0
D , 38 , -156 , -50 , 0 , 0 , 0 , 0
D , 39 , -159 , -49 , 0 , 0 , 0 , 4
D , 40 , -162 , -52 , 0 , 0 , 0 , 0
D , 41 , -164 , -51 , 0 , 0 , 0 , 0
D , 42 , -167 , -54 , 0 , 0 , 0 , 0
D , 43 , -169 , -55 , 0 , 0 , 0 , 4
D , 44 , -172 , -57 , 0 , 0 , 0 , 0
D , 45 , -175 , -57 , 0 , 0 , 0 , 4
D , 46 , -178 , -62 , 0 , 0 , 0 , 4
D , 47 , -181 , -62 , 0 , 0 , 0 , 4
D , 48 , -185 , -63 , 0 , 0 , 2 , 0
D , 49 , -188 , -68 , 0 , 0 , 2 , -4
D , 50 , -191 , -70 , 0 , 0 , 2 , 4
D , 51 , -195 , -71 , 0 , 0 , 2 , 0
D , 52 , -198 , -73 , 0 , 0 , 0 , 0
D , 53 , -202 , -76 , 0 , 0 , 2 , 0
D , 54 , -206 , -79 , 0 , 0 , 2 , 4
D , 55 , -210 , -83 , 0 , 0 , 2 , 0
D , 56 , -215 , -85 , 0 , 0 , 2 , 0
D , 57 , -219 , -86 , 0 , 0 , 2 , 0
D , 58 , -223 , -90 , 0 , 0 , 2 , 0
D , 59 , -228 , -90 , 0 , 0 , 2 , -4
D , 60 , -232 , -95 , 0 , 0 , 2 , 0
D , 61 , -237 , -97 , 0 , 0 , 2 , 4
D , 62 , -242 , -101 , 0 , 0 , 2 , 4
D , 63 , -247 , -106 , 0 , 0 , 2 , -4
D , 64 , -252 , -109 , 0 , 0 , 2 , 0
D , 65 , -259 , -114 , 0 , 0 , 2 , -4
D , 66 , -265 , -117 , 0 , 0 , 2 , -4
D , 67 , -271 , -121 , 0 , 0 , 2 , 0
D , 68 , -277 , -125 , 0 , 0 , 0 , 0
D , 69 , -283 , -132 , 0 , 0 , 0 , 0
D , 70 , -290 , -135 , 0 , 0 , 0 , -4
D , 71 , -296 , -142 , 0 , 0 , 0 , 0
D , 72 , -303 , -147 , 0 , 0 , 2 , 0
D , 73 , -311 , -154 , 0 , 0 , 0 , 0
D , 74 , -320 , -157 , 0 , 0 , 0 , -4
D , 75 , -328 , -164 , 0 , 0 , 0 , 0
D , 76 , -336 , -171 , 0 , 0 , 0 , 0
D , 77 , -345 , -176 , 0 , 0 , 0 , 0
D , 78 , -354 , -184 , 0 , 0 , 0 , 0
D , 79 , -363 , -191 , 0 , 0 , 0 , 0
D , 80 , -372 , -199 , 0 , 0 , 0 , 0
D , 81 , -382 , -208 , 0 , 0 , 0 , -4
D , 82 , -393 , -217 , 0 , 0 , 0 , -4
D , 83 , -406 , -228 , 0 , 0 , 0 , 0
D , 84 , -417 , -234 , 0 , 0 , 0 , 0
D , 85 , -429 , -247 , 0 , 0 , 0 , 4
D , 86 , -442 , -259 , 0 , 0 , 0 , 0
D , 87 , -455 , -272 , 0 , 0 , 0 , -4
D , 88 , -468 , -287 , 0 , 0 , 0 , 0
D , 89 , -482 , -295 , 0 , 0 , 0 , 0
D , 90 , -497 , -304 , 0 , 0 , 0 , 0
D , 91 , -516 , -314 , 0 , 0 , 0 , 0
D , 92 , -532 , -322 , 0 , 0 , 0 , 0
D , 93 , -547 , -327 , 0 , 0 , 0 , 0
D , 94 , -563 , -334 , 0 , 0 , 0 , 0
D , 95 , -580 , -349 , 0 , 0 , 0 , 0
D , 96 , -598 , -364 , 0 , 0 , 0 , 0
D , 97 , -616 , -386 , 0 , 0 , 0 , 0
D , 98 , -635 , -402 , 0 , 0 , 0 , 0
D , 99 , -661 , -426 , 0 , 0 , 0 , 0
D , 100 , -682 , -444 , 0 , 0 , 0 , 0
D , 101 , -704 , -464 , 0 , 0 , 0 , 0
D , 102 , -727 , -486 , 0 , 0 , 0 , 0
D , 103 , -751 , -503 , 0 , 0 , 0 , 0
D , 104 , -777 , -521 , 0 , 0 , 0 , 0
D , 105 , -802 , -540 , 0 , 0 , 0 , -4
D , 106 , -829 , -564 , 0 , 0 , 0 , 4
D , 107 , -858 , -598 , 0 , 0 , 0 , 4
D , 108 , -888 , -643 , 0 , 0 , 0 , 4
D , 109 , -928 , -674 , 0 , 0 , 0 , 4
D , 110 , -962 , -703 , 0 , 0 , 0 , 4
D , 111 , -997 , -736 , 0 , 0 , 0 , 4
D , 112 , -1034 , -765 , 0 , 1 , 0 , 7
D , 113 , -1072 , -795 , 0 , 1 , 0 , 7
D , 114 , -1111 , -820 , 0 , 1 , 0 , 7
D , 115 , -1152 , -846 , 0 , 1 , 0 , 11
D , 116 , -1194 , -880 , 0 , 1 , 0 , 11
D , 117 , -1237 , -913 , 0 , 1 , 0 , 11
D , 118 , -1293 , -925 , 0 , 1 , 0 , 11
D , 119 , -1339 , -938 , 0 , 2 , 0 , 15
D , 120 , -1385 , -955 , 0 , 1 , 0 , 11
D , 121 , -1432 , -978 , 0 , 2 , 0 , 15
D , 122 , -1480 , -1007 , 0 , 1 , 0 , 15
D , 123 , -1531 , -1049 , 0 , 2 , 0 , 15
D , 124 , -1583 , -1090 , 0 , 1 , 0 , 11
D , 125 , -1637 , -1135 , 0 , 2 , 0 , 15
D , 126 , -1707 , -1170 , 0 , 2 , 0 , 11
D , 127 , -1765 , -1204 , 0 , 1 , 0 , 7
D , 128 , -1825 , -1247 , 0 , 2 , 0 , 11
D , 129 , -1887 , -1310 , 1 , 2 , 5 , 11
D , 130 , -1953 , -1383 , 1 , 2 , 5 , 11
D , 131 , -2023 , -1448 , 0 , 2 , 0 , 11
D , 132 , -2095 , -1506 , 0 , 2 , 0 , 8
D , 133 , -2170 , -1567 , 1 , 2 , 5 , 8
D , 134 , -2248 , -1660 , 0 , 2 , 0 , 8
D , 135 , -2351 , -1730 , 0 , 2 , 0 , 4
D , 136 , -2437 , -1786 , 0 , 2 , 0 , 4
D , 137 , -2525 , -1828 , 0 , 2 , 0 , 4
D , 138 , -2615 , -1863 , 0 , 2 , 0 , 4
D , 139 , -2707 , -1921 , 0 , 2 , 0 , 0
D , 140 , -2803 , -1991 , 0 , 2 , 0 , 4
D , 141 , -2902 , -2071 , 0 , 2 , 0 , 0
D , 142 , -3006 , -2157 , 0 , 2 , 0 , 0
D , 143 , -3113 , -2276 , 1 , 2 , 5 , 0
D , 144 , -3255 , -2397 , 0 , 2 , 0 , 4
D , 145 , -3376 , -2526 , 1 , 2 , 5 , 4
D , 146 , -3502 , -2633 , 1 , 2 , 5 , 0
D , 147 , -3633 , -2712 , 1 , 2 , 5 , 8
D , 148 , -3766 , -2752 , 1 , 2 , 5 , 4
D , 149 , -3901 , -2798 , 1 , 2 , 0 , 4
D , 150 , -4039 , -2892 , 1 , 2 , 0 , 4
D , 151 , -4185 , -3102 , 1 , 2 , 5 , 4
D , 152 , -4379 , -3282 , 1 , 2 , 5 , 4
D , 153 , -4544 , -3443 , 1 , 2 , 0 , 4
D , 154 , -4715 , -3566 , 1 , 2 , 5 , 4
D , 155 , -4891 , -3663 , 1 , 2 , 5 , 4
D , 156 , -5071 , -3734 , 1 , 2 , 5 , 4
D , 157 , -5258 , -3917 , 1 , 2 , 5 , 4
D , 158 , -5457 , -4193 , 1 , 2 , 5 , 4
D , 159 , -5669 , -4455 , 1 , 2 , 5 , 4
D , 160 , -5889 , -4576 , 1 , 2 , 9 , 4
D , 161 , -6168 , -4626 , 1 , 2 , 9 , 4
D , 162 , -6398 , -4808 , 1 , 2 , 9 , 4
D , 163 , -6642 , -5148 , 1 , 2 , 4 , 4
D , 164 , -6903 , -5460 , 1 , 2 , 9 , 4
D , 165 , -7173 , -5601 , 2 , 2 , 4 , 0
END
