Searching for any hub with Pybricks service...
battery mV: 7429
slide probe: 2s still / 8s slide / 2s still per rep, 2 reps
D,i,pitch_x100,rate_x10,acc_mm_s2
R, 0 , 7436
D , 0 , 0 , -5 , -344
D , 1 , 0 , 5 , -337
D , 2 , 1 , 12 , -275
D , 3 , 2 , 13 , -177
D , 4 , 3 , 9 , -117
D , 5 , 4 , 5 , -122
D , 6 , 4 , 3 , -86
D , 7 , 4 , -1 , -153
D , 8 , 4 , -2 , -150
D , 9 , 4 , -1 , -169
D , 10 , 3 , -2 , -191
D , 11 , 3 , -2 , -198
D , 12 , 3 , 0 , -253
D , 13 , 3 , 3 , -181
D , 14 , 4 , 3 , -141
D , 15 , 4 , 0 , -102
D , 16 , 4 , -4 , -157
D , 17 , 3 , -7 , -169
D , 18 , 2 , -8 , -225
D , 19 , 2 , -3 , -229
D , 20 , 1 , -5 , -236
D , 21 , 1 , -4 , -225
D , 22 , 0 , -1 , -239
D , 23 , 0 , 1 , -253
D , 24 , 1 , 6 , -208
D , 25 , 1 , 4 , -167
D , 26 , 2 , 4 , -148
D , 27 , 2 , 0 , -189
D , 28 , 2 , -1 , -193
D , 29 , 2 , 0 , -150
D , 30 , 1 , -3 , -160
D , 31 , 1 , -1 , -205
D , 32 , 1 , -4 , -184
D , 33 , 0 , -3 , -215
D , 34 , 0 , -4 , -236
D , 35 , 0 , -2 , -246
D , 36 , 0 , 0 , -205
D , 37 , 0 , 0 , -198
D , 38 , 0 , 0 , -253
D , 39 , 0 , 3 , -239
D , 40 , 0 , 5 , -196
D , 41 , 0 , 4 , -165
D , 42 , 0 , 2 , -165
D , 43 , 0 , 0 , -165
D , 44 , 0 , -3 , -193
D , 45 , 0 , -3 , -193
D , 46 , 0 , -5 , -234
D , 47 , -1 , -6 , -220
D , 48 , -1 , -6 , -256
D , 49 , -1 , -2 , -232
D , 50 , -1 , 1 , -256
D , 51 , -1 , 3 , -248
D , 52 , -1 , 7 , -213
D , 53 , 0 , 8 , -169
D , 54 , 0 , 4 , -129
D , 55 , 0 , 2 , -129
D , 56 , 0 , -2 , -126
D , 57 , 0 , -4 , -167
D , 58 , 0 , -4 , -162
D , 59 , 0 , -4 , -169
D , 60 , -1 , -6 , -201
D , 61 , -2 , -5 , -258
D , 62 , -2 , -1 , -234
D , 63 , -2 , 4 , -260
D , 64 , -2 , 6 , -203
D , 65 , -1 , 7 , -112
D , 66 , -1 , 0 , -179
D , 67 , -1 , -2 , -174
D , 68 , -1 , -3 , -208
D , 69 , -1 , 3 , -220
D , 70 , -1 , 5 , -210
D , 71 , 0 , 3 , -172
D , 72 , 0 , -1 , -150
D , 73 , 0 , -3 , -172
D , 74 , -1 , -3 , -225
D , 75 , -1 , 0 , -253
D , 76 , -1 , 0 , -227
D , 77 , -1 , 3 , -253
D , 78 , 0 , 5 , -225
D , 79 , 0 , 5 , -184
D , 80 , 0 , 1 , -174
D , 81 , 0 , 2 , -189
D , 82 , 0 , 1 , -167
D , 83 , 0 , 0 , -174
D , 84 , 0 , -3 , -191
D , 85 , 0 , -2 , -246
D , 86 , 0 , -1 , -244
D , 87 , 0 , 1 , -248
D , 88 , 0 , 0 , -220
D , 89 , 0 , 3 , -244
D , 90 , 0 , 2 , -189
D , 91 , 1 , 3 , -203
D , 92 , 1 , 2 , -198
D , 93 , 1 , 4 , -181
D , 94 , 2 , 1 , -191
D , 95 , 2 , 0 , -143
D , 96 , 2 , 1 , -169
D , 97 , 2 , 0 , -205
D , 98 , 2 , -3 , -184
D , 99 , 1 , -2 , -191
D , 100 , 1 , -1 , -213
D , 101 , 1 , -1 , -222
D , 102 , 1 , -1 , -229
D , 103 , 1 , -1 , -244
D , 104 , 0 , 0 , -256
D , 105 , 1 , 0 , -198
D , 106 , 1 , 3 , -198
D , 107 , 1 , 3 , -205
D , 108 , 2 , 3 , -181
D , 109 , 2 , 1 , -155
D , 110 , 2 , -2 , -179
D , 111 , 1 , -3 , -184
D , 112 , 1 , -3 , -227
D , 113 , 1 , -1 , -253
D , 114 , 1 , -2 , -201
D , 115 , 0 , -2 , -232
D , 116 , 0 , -1 , -258
D , 117 , 0 , 2 , -203
D , 118 , 1 , 4 , -205
D , 119 , 1 , 0 , -193
D , 120 , 2 , -1 , -177
D , 121 , 2 , 0 , -198
D , 122 , 2 , 3 , -217
D , 123 , 2 , 4 , -174
D , 124 , 2 , 1 , -148
D , 125 , 2 , 0 , -136
D , 126 , 2 , -3 , -150
D , 127 , 1 , -6 , -155
D , 128 , 1 , -9 , -220
D , 129 , 0 , -9 , -313
D , 130 , 0 , -6 , -354
D , 131 , 0 , 0 , -330
D , 132 , 0 , 7 , -287
D , 133 , 0 , 12 , -229
D , 134 , 1 , 10 , -150
D , 135 , 2 , 5 , -59
D , 136 , 2 , 0 , -138
D , 137 , 2 , -5 , -148
D , 138 , 1 , -8 , -234
D , 139 , 1 , -3 , -196
D , 140 , 0 , -2 , -246
D , 141 , 0 , -1 , -270
D , 142 , 0 , 3 , -299
D , 143 , 1 , 7 , -222
D , 144 , 2 , 10 , -201
D , 145 , 3 , 7 , -114
D , 146 , 3 , 0 , -184
D , 147 , 3 , -1 , -165
D , 148 , 3 , 0 , -208
D , 149 , 3 , 3 , -244
D , 150 , 3 , 1 , -196
D , 151 , 4 , 1 , -222
D , 152 , 4 , -1 , -229
D , 153 , 4 , 0 , -229
D , 154 , 4 , 3 , -213
D , 155 , 4 , 2 , -174
D , 156 , 4 , 3 , -203
D , 157 , 4 , -1 , -181
D , 158 , 4 , 0 , -186
D , 159 , 4 , -1 , -232
D , 160 , 4 , 0 , -268
D , 161 , 5 , 7 , -225
D , 162 , 6 , 9 , -191
D , 163 , 6 , 6 , -162
D , 164 , 7 , 3 , -134
D , 165 , 7 , 0 , -157
D , 166 , 7 , 0 , -150
D , 167 , 7 , -2 , -126
D , 168 , 6 , -5 , -102
D , 169 , 6 , -8 , -112
D , 170 , 5 , -11 , -222
D , 171 , 4 , -10 , -325
D , 172 , 3 , -3 , -363
D , 173 , 3 , 1 , -363
D , 174 , 3 , 7 , -320
D , 175 , 4 , 11 , -299
D , 176 , 6 , 16 , -275
D , 177 , 8 , 20 , -201
D , 178 , 10 , 18 , -150
D , 179 , 11 , 16 , -124
D , 180 , 13 , 14 , -100
D , 181 , 14 , 9 , -119
D , 182 , 15 , 6 , -71
D , 183 , 15 , 2 , -98
D , 184 , 15 , -1 , -122
D , 185 , 15 , -3 , -134
D , 186 , 15 , -6 , -126
D , 187 , 14 , -6 , -193
D , 188 , 13 , -4 , -193
D , 189 , 13 , -4 , -193
D , 190 , 13 , -4 , -196
D , 191 , 12 , -1 , -296
D , 192 , 12 , 0 , -265
D , 193 , 12 , 4 , -215
D , 194 , 13 , 4 , -169
D , 195 , 13 , 2 , -78
D , 196 , 13 , -1 , -74
D , 197 , 12 , -11 , -69
D , 198 , 11 , -15 , -196
D , 199 , 9 , -12 , -256
D , 200 , 9 , -4 , -301
D , 201 , 8 , -1 , -315
D , 202 , 8 , 1 , -306
D , 203 , 9 , 5 , -246
D , 204 , 9 , 7 , -203
D , 205 , 10 , 7 , -165
D , 206 , 10 , 2 , -124
D , 207 , 10 , 2 , -138
D , 208 , 10 , -3 , -220
D , 209 , 10 , -1 , -215
D , 210 , 10 , 0 , -189
D , 211 , 10 , 0 , -236
D , 212 , 10 , 1 , -265
D , 213 , 10 , 4 , -205
D , 214 , 11 , 2 , -196
D , 215 , 11 , 0 , -189
D , 216 , 11 , -1 , -181
D , 217 , 11 , -2 , -181
D , 218 , 10 , -3 , -244
D , 219 , 10 , 0 , -282
D , 220 , 10 , 5 , -306
D , 221 , 11 , 9 , -236
D , 222 , 13 , 12 , -155
D , 223 , 14 , 6 , -114
D , 224 , 14 , 3 , -100
D , 225 , 14 , 0 , -222
D , 226 , 14 , 0 , -203
D , 227 , 14 , 2 , -225
D , 228 , 15 , 4 , -172
D , 229 , 15 , 1 , -172
D , 230 , 15 , -1 , -160
D , 231 , 15 , 0 , -196
D , 232 , 15 , 3 , -205
D , 233 , 15 , 3 , -215
D , 234 , 16 , 2 , -143
D , 235 , 16 , 1 , -193
D , 236 , 16 , 2 , -215
D , 237 , 16 , 1 , -229
D , 238 , 16 , 3 , -177
D , 239 , 17 , 4 , -150
D , 240 , 17 , 2 , -150
D , 241 , 17 , -3 , -141
D , 242 , 16 , -4 , -174
D , 243 , 16 , -5 , -198
D , 244 , 15 , -3 , -220
D , 245 , 15 , -2 , -213
D , 246 , 15 , -1 , -263
D , 247 , 15 , 2 , -251
D , 248 , 16 , 6 , -198
D , 249 , 16 , 6 , -186
D , 250 , 17 , 4 , -227
D , 251 , 17 , 4 , -136
D , 252 , 18 , 4 , -69
D , 253 , 18 , -4 , -59
D , 254 , 17 , -10 , -59
D , 255 , 16 , -17 , -153
D , 256 , 14 , -20 , -248
D , 257 , 12 , -13 , -344
D , 258 , 11 , -4 , -349
D , 259 , 11 , 4 , -299
D , 260 , 11 , 5 , -225
D , 261 , 12 , 6 , -239
D , 262 , 13 , 9 , -229
D , 263 , 14 , 9 , -225
D , 264 , 15 , 14 , -268
D , 265 , 17 , 19 , -186
D , 266 , 19 , 12 , -131
D , 267 , 19 , 4 , -157
D , 268 , 19 , 2 , -181
D , 269 , 20 , 5 , -258
D , 270 , 21 , 12 , -287
D , 271 , 23 , 25 , -239
D , 272 , 25 , 26 , -114
D , 273 , 27 , 17 , -26
D , 274 , 29 , 9 , -31
D , 275 , 30 , 6 , -47
D , 276 , 30 , 5 , -71
D , 277 , 30 , -4 , -57
D , 278 , 29 , -13 , -86
D , 279 , 28 , -20 , -177
D , 280 , 25 , -18 , -325
D , 281 , 24 , -9 , -426
D , 282 , 24 , 2 , -485
D , 283 , 24 , 11 , -505
D , 284 , 26 , 29 , -476
D , 285 , 30 , 46 , -438
D , 286 , 36 , 61 , -359
D , 287 , 42 , 65 , -275
D , 288 , 49 , 73 , -169
D , 289 , 57 , 75 , 69
D , 290 , 64 , 70 , 294
D , 291 , 70 , 46 , 371
D , 292 , 73 , 19 , 375
D , 293 , 74 , -3 , 229
D , 294 , 73 , -11 , 143
D , 295 , 71 , -20 , 155
D , 296 , 68 , -36 , 95
D , 297 , 64 , -42 , 14
D , 298 , 60 , -41 , -64
D , 299 , 56 , -38 , -114
D , 300 , 52 , -35 , -69
D , 301 , 49 , -35 , -74
D , 302 , 45 , -41 , -198
D , 303 , 40 , -35 , -366
D , 304 , 38 , -19 , -461
D , 305 , 37 , -1 , -351
D , 306 , 38 , 6 , -275
D , 307 , 38 , 5 , -174
D , 308 , 39 , 2 , -55
D , 309 , 39 , -3 , -11
D , 310 , 38 , -11 , -33
D , 311 , 36 , -18 , -189
D , 312 , 34 , -30 , -23
D , 313 , 30 , -39 , -134
D , 314 , 26 , -36 , -16
D , 315 , 23 , -42 , -14
D , 316 , 18 , -42 , -174
D , 317 , 13 , -41 , -265
D , 318 , 9 , -46 , -275
D , 319 , 4 , -43 , -452
D , 320 , 1 , -28 , -409
D , 321 , 0 , -8 , -339
D , 322 , 0 , -6 , -177
D , 323 , -1 , -1 , -150
D , 324 , 0 , 1 , -246
D , 325 , 0 , 8 , -217
D , 326 , 0 , 0 , 7
D , 327 , 0 , -16 , 134
D , 328 , -3 , -37 , 222
D , 329 , -8 , -57 , 234
D , 330 , -14 , -77 , 93
D , 331 , -23 , -74 , -45
D , 332 , -30 , -73 , -119
D , 333 , -37 , -70 , -117
D , 334 , -43 , -44 , -67
D , 335 , -49 , -85 , 665
D , 336 , -63 , -160 , 442
D , 337 , -81 , -192 , 174
D , 338 , -100 , -197 , -167
D , 339 , -117 , -135 , -385
D , 340 , -126 , -60 , -136
D , 341 , -131 , -30 , -225
D , 342 , -130 , 37 , -528
D , 343 , -122 , 119 , -706
D , 344 , -106 , 196 , -318
D , 345 , -80 , 259 , -375
D , 346 , -52 , 305 , 47
D , 347 , -22 , 307 , 303
D , 348 , 4 , 241 , 651
D , 349 , 24 , 191 , 165
D , 350 , 43 , 156 , 33
D , 351 , 56 , 127 , 533
D , 352 , 66 , 77 , 787
D , 353 , 71 , 33 , 880
D , 354 , 71 , -39 , 921
D , 355 , 64 , -79 , 354
D , 356 , 55 , -92 , -23
D , 357 , 46 , -100 , 394
D , 358 , 35 , -137 , 545
D , 359 , 17 , -174 , 217
D , 360 , 0 , -186 , 181
D , 361 , -16 , -151 , -548
D , 362 , -29 , -119 , -540
D , 363 , -39 , -95 , -33
D , 364 , -52 , -117 , -7
D , 365 , -64 , -132 , -222
D , 366 , -76 , -109 , -876
D , 367 , -85 , -62 , -1189
D , 368 , -89 , -34 , -289
D , 369 , -93 , -60 , 43
D , 370 , -99 , -60 , -459
D , 371 , -103 , -15 , -1096
D , 372 , -103 , 13 , -794
D , 373 , -102 , 0 , -339
D , 374 , -105 , -39 , -560
D , 375 , -109 , -46 , -701
D , 376 , -112 , -26 , -1227
D , 377 , -114 , -11 , -1074
D , 378 , -117 , -45 , -751
D , 379 , -121 , -47 , -1215
D , 380 , -125 , -29 , -1412
D , 381 , -128 , -22 , -1376
D , 382 , -131 , -31 , -1436
D , 383 , -134 , -22 , -1615
D , 384 , -135 , -15 , -1656
D , 385 , -138 , -38 , -1630
D , 386 , -143 , -55 , -1773
D , 387 , -149 , -55 , -1802
D , 388 , -155 , -79 , -1797
D , 389 , -163 , -78 , -2036
D , 390 , -170 , -45 , -2309
D , 391 , -170 , 19 , -2278
D , 392 , -165 , 63 , -1943
D , 393 , -158 , 77 , -1586
D , 394 , -151 , 70 , -1189
D , 395 , -144 , 69 , -1407
D , 396 , -137 , 84 , -1503
D , 397 , -124 , 158 , -1783
D , 398 , -103 , 255 , -1706
D , 399 , -73 , 340 , -1273
D , 400 , -35 , 419 , -844
D , 401 , 9 , 394 , 672
D , 402 , 45 , 327 , 742
D , 403 , 71 , 208 , 684
D , 404 , 85 , 119 , 330
D , 405 , 90 , -6 , 528
D , 406 , 81 , -131 , -52
D , 407 , 63 , -216 , -172
D , 408 , 40 , -256 , -301
D , 409 , 13 , -286 , -588
D , 410 , -15 , -279 , -1019
D , 411 , -41 , -199 , -1709
D , 412 , -56 , -125 , -1235
D , 413 , -68 , -131 , -675
D , 414 , -81 , -141 , -742
D , 415 , -95 , -82 , -1371
D , 416 , -98 , -2 , -1800
D , 417 , -95 , 43 , -1050
D , 418 , -92 , 37 , -868
D , 419 , -86 , 72 , -1237
D , 420 , -75 , 131 , -1373
D , 421 , -62 , 135 , -464
D , 422 , -51 , 89 , 81
D , 423 , -44 , 55 , -280
D , 424 , -41 , 15 , -488
D , 425 , -43 , -34 , -296
D , 426 , -47 , -67 , 270
D , 427 , -56 , -95 , -306
D , 428 , -65 , -88 , -1165
D , 429 , -71 , -34 , -203
D , 430 , -76 , -66 , 134
D , 431 , -83 , -60 , -1146
D , 432 , -85 , 7 , -727
D , 433 , -85 , -12 , 172
D , 434 , -88 , -24 , -1292
D , 435 , -87 , 49 , -1086
D , 436 , -81 , 60 , 538
D , 437 , -77 , 12 , -442
D , 438 , -77 , 14 , -646
D , 439 , -75 , -12 , 854
D , 440 , -80 , -73 , 275
D , 441 , -90 , -97 , -1096
D , 442 , -96 , -41 , -256
D , 443 , -101 , -69 , 701
D , 444 , -110 , -102 , -411
D , 445 , -118 , -46 , -581
D , 446 , -123 , -64 , 562
D , 447 , -132 , -116 , -160
D , 448 , -143 , -69 , -1357
D , 449 , -144 , 7 , -55
D , 450 , -143 , 6 , 677
D , 451 , -144 , -8 , -299
D , 452 , -143 , 42 , -557
D , 453 , -134 , 91 , 885
D , 454 , -127 , 34 , 1440
D , 455 , -126 , 0 , 837
D , 456 , -125 , 40 , 222
D , 457 , -118 , 83 , 1029
D , 458 , -109 , 75 , 1496
D , 459 , -104 , 42 , 1553
D , 460 , -101 , 30 , 1213
D , 461 , -97 , 47 , 1187
D , 462 , -91 , 52 , 1438
D , 463 , -88 , 26 , 1491
D , 464 , -87 , -1 , 1318
D , 465 , -88 , -26 , 1156
D , 466 , -95 , -109 , 1201
D , 467 , -109 , -130 , 416
D , 468 , -121 , -126 , 521
D , 469 , -135 , -162 , 708
D , 470 , -154 , -214 , 658
D , 471 , -178 , -265 , 349
D , 472 , -209 , -308 , 205
D , 473 , -243 , -370 , 28
D , 474 , -279 , -373 , -765
D , 475 , -313 , -321 , -1146
D , 476 , -343 , -234 , -1182
D , 477 , -359 , -97 , -1747
D , 478 , -359 , 70 , -2125
D , 479 , -344 , 221 , -1287
D , 480 , -317 , 289 , -253
D , 481 , -285 , 280 , 69
D , 482 , -260 , 236 , -162
D , 483 , -240 , 177 , 296
D , 484 , -225 , 135 , 469
D , 485 , -214 , 102 , 363
D , 486 , -205 , 65 , 303
D , 487 , -202 , 2 , 490
D , 488 , -205 , -41 , 277
D , 489 , -210 , -67 , 16
D , 490 , -216 , -41 , -265
D , 491 , -221 , -59 , -502
D , 492 , -226 , -34 , -440
D , 493 , -231 , -45 , -418
D , 494 , -236 , -58 , -1299
D , 495 , -239 , 14 , -773
D , 496 , -236 , 28 , -112
D , 497 , -235 , 6 , -1002
D , 498 , -234 , 32 , -1093
D , 499 , -227 , 70 , -248
D , 500 , -219 , 52 , -450
D , 501 , -215 , 58 , -1665
D , 502 , -207 , 84 , -603
D , 503 , -201 , 38 , -347
D , 504 , -198 , 23 , -1618
D , 505 , -191 , 84 , -550
D , 506 , -186 , 23 , -141
D , 507 , -187 , -33 , -1373
D , 508 , -188 , 33 , -1290
D , 509 , -184 , 20 , -275
D , 510 , -186 , -42 , -1134
D , 511 , -189 , -17 , -1639
D , 512 , -188 , 21 , -1084
D , 513 , -187 , -27 , -62
D , 514 , -195 , -102 , -1263
D , 515 , -204 , -83 , -1711
D , 516 , -209 , -48 , -1192
D , 517 , -215 , -63 , -962
D , 518 , -223 , -69 , -1649
D , 519 , -228 , -36 , -1977
D , 520 , -229 , 5 , -1792
D , 521 , -228 , 11 , -1364
D , 522 , -228 , -3 , -1364
D , 523 , -229 , -17 , -1570
D , 524 , -230 , -4 , -1969
D , 525 , -230 , -7 , -1936
D , 526 , -231 , -13 , -2053
D , 527 , -233 , -23 , -2029
D , 528 , -236 , -42 , -2084
D , 529 , -242 , -67 , -2293
D , 530 , -248 , -44 , -2530
D , 531 , -251 , -13 , -2527
D , 532 , -250 , 23 , -2367
D , 533 , -247 , 43 , -2307
D , 534 , -240 , 80 , -2242
D , 535 , -231 , 93 , -1723
D , 536 , -221 , 110 , -2139
D , 537 , -204 , 205 , -2539
D , 538 , -178 , 303 , -2034
D , 539 , -144 , 379 , -1498
D , 540 , -105 , 400 , -758
D , 541 , -65 , 399 , -64
D , 542 , -28 , 271 , 481
D , 543 , -10 , 121 , 447
D , 544 , -6 , -36 , -129
D , 545 , -15 , -130 , 174
D , 546 , -31 , -178 , -239
D , 547 , -51 , -210 , -988
D , 548 , -71 , -196 , -1608
D , 549 , -86 , -125 , -2084
D , 550 , -94 , -39 , -907
D , 551 , -98 , -36 , -904
D , 552 , -101 , -39 , -1500
D , 553 , -102 , 29 , -1469
D , 554 , -96 , 58 , -801
D , 555 , -92 , 16 , -471
D , 556 , -92 , 21 , -1654
D , 557 , -85 , 91 , -880
D , 558 , -77 , 63 , 11
D , 559 , -73 , 40 , -919
D , 560 , -67 , 76 , -890
D , 561 , -61 , 36 , 356
D , 562 , -61 , -10 , -392
D , 563 , -60 , 35 , -897
D , 564 , -57 , 13 , 275
D , 565 , -60 , -43 , -50
D , 566 , -62 , 0 , -1235
D , 567 , -62 , -15 , 239
D , 568 , -67 , -70 , 193
D , 569 , -73 , -34 , -753
D , 570 , -78 , -43 , -117
D , 571 , -83 , -57 , -303
D , 572 , -86 , -4 , -378
D , 573 , -86 , -2 , 50
D , 574 , -88 , -34 , -19
D , 575 , -90 , 2 , -354
D , 576 , -89 , 5 , -452
D , 577 , -89 , -8 , -189
D , 578 , -88 , 26 , 9
D , 579 , -83 , 40 , 74
D , 580 , -80 , 30 , 344
D , 581 , -79 , 11 , 186
D , 582 , -77 , 36 , 203
D , 583 , -74 , 30 , -76
D , 584 , -71 , 26 , 380
D , 585 , -68 , 38 , 694
D , 586 , -64 , 52 , 756
D , 587 , -59 , 44 , 694
D , 588 , -55 , 43 , 856
D , 589 , -50 , 50 , 986
D , 590 , -45 , 52 , 1132
D , 591 , -39 , 60 , 1168
D , 592 , -33 , 57 , 1206
D , 593 , -27 , 63 , 1122
D , 594 , -20 , 84 , 1326
D , 595 , -11 , 89 , 1429
D , 596 , -3 , 63 , 1558
D , 597 , 0 , 8 , 1385
D , 598 , -2 , -25 , 1136
D , 599 , -5 , -52 , 1115
D , 600 , -13 , -78 , 849
D , 601 , -21 , -78 , 978
D , 602 , -35 , -174 , 1215
D , 603 , -57 , -256 , 734
D , 604 , -82 , -258 , -21
D , 605 , -108 , -275 , 7
D , 606 , -137 , -313 , 0
D , 607 , -174 , -348 , -540
D , 608 , -205 , -274 , -1452
D , 609 , -221 , -76 , -1914
D , 610 , -218 , 112 , -1218
D , 611 , -200 , 215 , -397
D , 612 , -174 , 250 , 234
D , 613 , -149 , 239 , 289
D , 614 , -126 , 250 , 258
D , 615 , -103 , 201 , 560
D , 616 , -84 , 139 , 983
D , 617 , -75 , 48 , 943
D , 618 , -75 , -20 , 727
D , 619 , -80 , -80 , 423
D , 620 , -89 , -86 , 198
D , 621 , -99 , -94 , 102
D , 622 , -107 , -92 , -225
D , 623 , -115 , -72 , -387
D , 624 , -121 , -51 , -143
D , 625 , -126 , -47 , -368
D , 626 , -129 , -18 , -816
D , 627 , -128 , 55 , -426
D , 628 , -122 , 65 , 23
D , 629 , -118 , 26 , -1026
D , 630 , -113 , 73 , -354
D , 631 , -107 , 44 , 76
D , 632 , -104 , 0 , -495
D , 633 , -103 , 42 , -809
D , 634 , -100 , 12 , 581
D , 635 , -103 , -49 , -1259
D , 636 , -105 , 6 , -1084
D , 637 , -103 , 5 , 380
D , 638 , -106 , -53 , -1026
D , 639 , -108 , 7 , -1515
D , 640 , -105 , 12 , -134
D , 641 , -108 , -44 , -619
D , 642 , -110 , 8 , -1378
D , 643 , -107 , 28 , -421
D , 644 , -108 , -53 , -684
D , 645 , -112 , -8 , -1575
D , 646 , -110 , 42 , -1062
D , 647 , -108 , -6 , -361
D , 648 , -111 , -48 , -1132
D , 649 , -115 , -26 , -1603
D , 650 , -118 , -31 , -732
D , 651 , -124 , -78 , -880
D , 652 , -131 , -71 , -1615
D , 653 , -134 , -1 , -1773
D , 654 , -133 , 20 , -1275
D , 655 , -132 , -13 , -1227
D , 656 , -134 , -25 , -1603
D , 657 , -137 , -32 , -1603
D , 658 , -141 , -33 , -2111
D , 659 , -144 , -23 , -1876
D , 660 , -146 , -27 , -1780
D , 661 , -149 , -38 , -1859
D , 662 , -154 , -57 , -1984
D , 663 , -159 , -35 , -2185
D , 664 , -162 , -22 , -2075
D , 665 , -165 , -32 , -2072
D , 666 , -167 , -13 , -2139
D , 667 , -166 , 15 , -2032
D , 668 , -163 , 33 , -1895
D , 669 , -160 , 42 , -1948
D , 670 , -155 , 54 , -1902
D , 671 , -149 , 77 , -1773
D , 672 , -138 , 138 , -1898
D , 673 , -120 , 198 , -1747
D , 674 , -96 , 286 , -1548
D , 675 , -64 , 355 , -1103
D , 676 , -28 , 378 , -406
D , 677 , 10 , 319 , 347
D , 678 , 35 , 201 , 531
D , 679 , 48 , 64 , 643
D , 680 , 46 , -72 , -28
D , 681 , 35 , -141 , -763
D , 682 , 17 , -176 , -770
D , 683 , 0 , -181 , -715
D , 684 , -18 , -196 , -1122
D , 685 , -36 , -168 , -1584
D , 686 , -49 , -81 , -1953
D , 687 , -54 , -4 , -1263
D , 688 , -53 , 2 , -1002
D , 689 , -54 , -8 , -1158
D , 690 , -51 , 52 , -1393
D , 691 , -44 , 77 , -830
D , 692 , -39 , 25 , -258
D , 693 , -39 , 0 , -581
D , 694 , -39 , -9 , -933
D , 695 , -40 , -10 , -1280
D , 696 , -40 , 16 , -938
D , 697 , -36 , 47 , -229
D , 698 , -33 , 11 , -1024
D , 699 , -31 , 36 , -646
D , 700 , -28 , 30 , -296
D , 701 , -25 , 14 , -852
D , 702 , -21 , 65 , -543
D , 703 , -16 , 46 , 560
D , 704 , -14 , 6 , -483
D , 705 , -13 , 26 , 81
D , 706 , -12 , -3 , 392
D , 707 , -14 , -13 , -842
D , 708 , -12 , 40 , -677
D , 709 , -9 , 15 , 129
D , 710 , -10 , -18 , -679
D , 711 , -9 , 16 , -354
D , 712 , -9 , -23 , 359
D , 713 , -12 , -19 , -847
D , 714 , -11 , 7 , -4
D , 715 , -12 , -35 , 368
D , 716 , -15 , -13 , 105
D , 717 , -14 , 15 , -299
D , 718 , -14 , -8 , 325
D , 719 , -15 , 16 , 2
D , 720 , -11 , 48 , 78
D , 721 , -5 , 47 , 380
D , 722 , -1 , 39 , 495
D , 723 , 3 , 60 , 782
D , 724 , 9 , 48 , 854
D , 725 , 13 , 33 , 603
D , 726 , 18 , 62 , 777
D , 727 , 25 , 75 , 1036
D , 728 , 33 , 72 , 978
D , 729 , 41 , 84 , 921
D , 730 , 50 , 84 , 1215
D , 731 , 58 , 77 , 1275
D , 732 , 64 , 72 , 1294
D , 733 , 73 , 73 , 1357
D , 734 , 80 , 84 , 1359
D , 735 , 89 , 89 , 1601
D , 736 , 96 , 61 , 1704
D , 737 , 100 , 25 , 1519
D , 738 , 100 , -18 , 1172
D , 739 , 98 , -27 , 1000
D , 740 , 95 , -26 , 873
D , 741 , 92 , -48 , 775
D , 742 , 86 , -65 , 639
D , 743 , 78 , -106 , 1002
D , 744 , 65 , -144 , 682
D , 745 , 49 , -173 , 232
D , 746 , 31 , -204 , 186
D , 747 , 8 , -256 , 26
D , 748 , -18 , -223 , -804
D , 749 , -33 , -92 , -1213
D , 750 , -34 , 44 , -945
D , 751 , -23 , 151 , -469
D , 752 , -3 , 204 , 390
D , 753 , 17 , 208 , 679
D , 754 , 35 , 184 , 658
D , 755 , 53 , 176 , 859
D , 756 , 68 , 126 , 1002
D , 757 , 77 , 61 , 904
D , 758 , 80 , 9 , 1108
D , 759 , 79 , -31 , 777
D , 760 , 73 , -77 , 485
D , 761 , 64 , -97 , 574
D , 762 , 52 , -123 , 308
D , 763 , 41 , -108 , -323
D , 764 , 31 , -82 , -543
D , 765 , 27 , -15 , -71
D , 766 , 25 , -14 , 256
D , 767 , 25 , -4 , -459
D , 768 , 26 , 30 , -275
D , 769 , 30 , 22 , 806
D , 770 , 32 , 5 , -59
D , 771 , 31 , -4 , -423
D , 772 , 33 , 16 , 126
D , 773 , 32 , -36 , 160
D , 774 , 28 , -49 , -234
D , 775 , 25 , -38 , 239
D , 776 , 19 , -78 , 210
D , 777 , 9 , -83 , -1172
D , 778 , 6 , -14 , -440
D , 779 , 2 , -66 , 349
D , 780 , -5 , -74 , -694
D , 781 , -8 , -13 , -509
D , 782 , -11 , -48 , 385
D , 783 , -18 , -68 , -1072
D , 784 , -20 , -2 , -955
D , 785 , -21 , -32 , 191
D , 786 , -27 , -62 , -988
D , 787 , -31 , -24 , -1196
D , 788 , -31 , -15 , -205
D , 789 , -35 , -56 , -706
D , 790 , -40 , -10 , -1531
D , 791 , -40 , -4 , -849
D , 792 , -44 , -63 , -670
D , 793 , -52 , -83 , -1182
D , 794 , -60 , -61 , -1455
D , 795 , -65 , -51 , -1086
D , 796 , -72 , -75 , -1443
D , 797 , -78 , -51 , -1783
D , 798 , -81 , -13 , -1749
D , 799 , -82 , -2 , -1577
D , 800 , -82 , -7 , -1531
D , 801 , -84 , -23 , -1795
D , 802 , -87 , -43 , -1879
D , 803 , -92 , -49 , -1768
D , 804 , -98 , -63 , -1701
D , 805 , -106 , -104 , -1936
D , 806 , -117 , -100 , -2326
D , 807 , -124 , -39 , -2463
D , 808 , -126 , 5 , -2278
D , 809 , -124 , 35 , -1929
D , 810 , -120 , 47 , -1709
D , 811 , -115 , 44 , -1651
D , 812 , -110 , 62 , -1519
D , 813 , -105 , 33 , -1285
D , 814 , -100 , 49 , -1519
D , 815 , -91 , 124 , -1730
D , 816 , -75 , 206 , -1500
D , 817 , -47 , 294 , -1041
D , 818 , -17 , 309 , -392
D , 819 , 10 , 266 , 184
D , 820 , 31 , 149 , 904
D , 821 , 37 , -1 , 500
D , 822 , 29 , -128 , -33
D , 823 , 12 , -198 , -1010
D , 824 , -8 , -230 , -1103
D , 825 , -30 , -221 , -1227
D , 826 , -50 , -188 , -1661
D , 827 , -67 , -113 , -1869
D , 828 , -74 , -55 , -1883
D , 829 , -76 , 6 , -1299
D , 830 , -73 , 44 , -1182
D , 831 , -68 , 49 , -1385
D , 832 , -63 , 59 , -1089
D , 833 , -56 , 79 , -579
D , 834 , -49 , 54 , -466
D , 835 , -46 , 16 , -1019
D , 836 , -42 , 57 , -1548
D , 837 , -36 , 56 , -253
D , 838 , -33 , 2 , -540
D , 839 , -35 , -3 , -1038
D , 840 , -34 , -13 , 86
D , 841 , -38 , -58 , -129
D , 842 , -44 , -37 , -1570
D , 843 , -45 , 0 , -701
D , 844 , -47 , -40 , -98
D , 845 , -50 , -11 , -990
D , 846 , -49 , -2 , 210
D , 847 , -50 , -32 , -179
D , 848 , -52 , 10 , -1132
D , 849 , -49 , 31 , -461
D , 850 , -47 , 14 , -277
D , 851 , -45 , 34 , -682
D , 852 , -42 , 26 , -71
D , 853 , -41 , 2 , -112
D , 854 , -39 , 33 , -576
D , 855 , -36 , 17 , 270
D , 856 , -36 , -15 , -16
D , 857 , -36 , 18 , 122
D , 858 , -35 , -5 , 289
D , 859 , -36 , -21 , -186
D , 860 , -37 , 9 , 411
D , 861 , -36 , 7 , 488
D , 862 , -36 , -7 , 272
D , 863 , -36 , 33 , 430
D , 864 , -31 , 37 , 799
D , 865 , -28 , 21 , 746
D , 866 , -27 , 24 , 825
D , 867 , -23 , 42 , 1053
D , 868 , -19 , 42 , 1000
D , 869 , -16 , 28 , 964
D , 870 , -12 , 42 , 1144
D , 871 , -8 , 46 , 1297
D , 872 , -3 , 51 , 1194
D , 873 , 1 , 56 , 1261
D , 874 , 8 , 65 , 1218
D , 875 , 15 , 80 , 1141
D , 876 , 23 , 70 , 1369
D , 877 , 27 , 24 , 1479
D , 878 , 27 , -21 , 1156
D , 879 , 24 , -30 , 763
D , 880 , 20 , -49 , 830
D , 881 , 14 , -67 , 315
D , 882 , 9 , -61 , 622
D , 883 , 0 , -99 , 727
D , 884 , -12 , -152 , 461
D , 885 , -29 , -192 , -38
D , 886 , -49 , -210 , -210
D , 887 , -70 , -221 , -284
D , 888 , -93 , -188 , -454
D , 889 , -109 , -147 , -600
D , 890 , -120 , -75 , -1175
D , 891 , -120 , 63 , -1706
D , 892 , -104 , 206 , -624
D , 893 , -82 , 240 , 308
D , 894 , -59 , 220 , 864
D , 895 , -41 , 156 , 1158
D , 896 , -29 , 94 , 1002
D , 897 , -22 , 41 , 902
D , 898 , -20 , 9 , 765
D , 899 , -20 , -18 , 684
D , 900 , -25 , -79 , 447
D , 901 , -35 , -115 , 411
D , 902 , -48 , -130 , 33
D , 903 , -60 , -109 , -284
D , 904 , -70 , -91 , -832
D , 905 , -76 , -33 , -507
D , 906 , -78 , -20 , 40
D , 907 , -79 , -5 , -916
D , 908 , -77 , 35 , -682
D , 909 , -71 , 47 , 90
D , 910 , -67 , 37 , 11
D , 911 , -66 , -4 , -332
D , 912 , -64 , 45 , -538
D , 913 , -62 , 2 , -45
D , 914 , -64 , -39 , -584
D , 915 , -66 , -9 , -220
D , 916 , -68 , -29 , -9
D , 917 , -74 , -81 , -445
D , 918 , -80 , -34 , -1249
D , 919 , -81 , -12 , -256
D , 920 , -86 , -69 , -830
D , 921 , -92 , -36 , -1591
D , 922 , -94 , -6 , -323
D , 923 , -96 , -44 , -622
D , 924 , -102 , -47 , -1120
D , 925 , -102 , 4 , -931
D , 926 , -103 , -31 , -366
D , 927 , -108 , -50 , -1146
D , 928 , -111 , -11 , -1426
D , 929 , -111 , -5 , -430
D , 930 , -115 , -62 , -871
D , 931 , -120 , -45 , -1409
D , 932 , -123 , -12 , -1376
D , 933 , -124 , -33 , -878
D , 934 , -130 , -67 , -1215
D , 935 , -138 , -81 , -1472
D , 936 , -145 , -69 , -1991
D , 937 , -151 , -59 , -1709
D , 938 , -156 , -54 , -1771
D , 939 , -161 , -40 , -2132
D , 940 , -165 , -28 , -2051
D , 941 , -166 , -4 , -1910
D , 942 , -167 , -8 , -1713
D , 943 , -167 , -7 , -1960
D , 944 , -169 , -9 , -1986
D , 945 , -170 , -13 , -2135
D , 946 , -171 , -13 , -2142
D , 947 , -172 , -13 , -1907
D , 948 , -175 , -27 , -1895
D , 949 , -177 , -23 , -2017
D , 950 , -178 , 5 , -2032
D , 951 , -176 , 33 , -1864
D , 952 , -171 , 44 , -1589
D , 953 , -168 , 40 , -1630
D , 954 , -162 , 84 , -1977
D , 955 , -150 , 159 , -1776
D , 956 , -131 , 216 , -1366
D , 957 , -107 , 257 , -935
D , 958 , -79 , 258 , -598
D , 959 , -55 , 217 , -165
D , 960 , -40 , 93 , 148
D , 961 , -38 , -25 , -81
D , 962 , -47 , -131 , -768
D , 963 , -62 , -171 , -1175
D , 964 , -81 , -190 , -1189
D , 965 , -100 , -191 , -1493
D , 966 , -116 , -144 , -1582
D , 967 , -128 , -93 , -1677
D , 968 , -135 , -59 , -1716
D , 969 , -140 , -44 , -2058
D , 970 , -141 , 30 , -1673
D , 971 , -136 , 43 , -986
D , 972 , -132 , 43 , -1560
D , 973 , -126 , 84 , -1548
D , 974 , -115 , 108 , -622
D , 975 , -107 , 62 , -581
D , 976 , -102 , 47 , -1263
D , 977 , -96 , 58 , -461
D , 978 , -93 , 9 , -483
D , 979 , -93 , 2 , -1287
D , 980 , -89 , 68 , -1089
D , 981 , -83 , 34 , -102
D , 982 , -82 , 5 , -969
D , 983 , -78 , 53 , -430
D , 984 , -76 , 14 , 275
D , 985 , -77 , -18 , -854
D , 986 , -76 , 29 , -746
D , 987 , -74 , -8 , -292
D , 988 , -76 , -21 , -876
D , 989 , -76 , 10 , -272
D , 990 , -77 , -26 , -119
D , 991 , -80 , -18 , -490
D , 992 , -81 , -22 , -26
D , 993 , -85 , -62 , -244
D , 994 , -90 , -27 , -69
D , 995 , -91 , -18 , -88
D , 996 , -95 , -55 , -272
D , 997 , -96 , 14 , -497
D , 998 , -94 , 16 , 485
D , 999 , -93 , -7 , -88
D , 1000 , -92 , 47 , -191
D , 1001 , -87 , 37 , 519
D , 1002 , -85 , 12 , 86
D , 1003 , -84 , 26 , -11
D , 1004 , -79 , 47 , 526
D , 1005 , -76 , 30 , 572
D , 1006 , -72 , 33 , 308
D , 1007 , -68 , 61 , 890
D , 1008 , -62 , 54 , 1141
D , 1009 , -58 , 17 , 998
D , 1010 , -57 , 7 , 964
D , 1011 , -56 , 7 , 969
D , 1012 , -55 , 18 , 821
D , 1013 , -53 , 23 , 1098
D , 1014 , -51 , 14 , 1122
D , 1015 , -50 , 7 , 825
D , 1016 , -49 , 12 , 734
D , 1017 , -47 , 35 , 782
D , 1018 , -43 , 30 , 868
D , 1019 , -41 , 17 , 804
D , 1020 , -39 , 11 , 569
D , 1021 , -38 , 19 , 490
D , 1022 , -35 , 21 , 631
D , 1023 , -34 , -6 , 720
D , 1024 , -37 , -48 , 584
D , 1025 , -44 , -78 , 318
D , 1026 , -52 , -95 , 301
D , 1027 , -64 , -157 , 332
D , 1028 , -85 , -231 , 272
D , 1029 , -111 , -279 , -335
D , 1030 , -138 , -248 , -1192
D , 1031 , -156 , -129 , -1697
D , 1032 , -158 , 86 , -1572
D , 1033 , -142 , 209 , -493
D , 1034 , -119 , 239 , 536
D , 1035 , -97 , 217 , 390
D , 1036 , -75 , 231 , 225
D , 1037 , -51 , 212 , 852
D , 1038 , -33 , 157 , 1160
D , 1039 , -23 , 68 , 981
D , 1040 , -20 , 7 , 706
D , 1041 , -22 , -48 , 627
D , 1042 , -29 , -83 , 512
D , 1043 , -38 , -106 , 124
D , 1044 , -49 , -117 , -146
D , 1045 , -59 , -78 , -631
D , 1046 , -65 , -28 , -306
D , 1047 , -68 , -29 , -198
D , 1048 , -70 , -8 , -655
D , 1049 , -70 , 14 , -557
D , 1050 , -67 , 31 , -90
D , 1051 , -64 , 20 , -466
D , 1052 , -60 , 53 , -1038
D , 1053 , -53 , 82 , -691
D , 1054 , -48 , 42 , 227
D , 1055 , -44 , 23 , -562
D , 1056 , -42 , 29 , -418
D , 1057 , -41 , -25 , -478
D , 1058 , -46 , -57 , -531
D , 1059 , -53 , -82 , -1141
D , 1060 , -61 , -79 , -1553
D , 1061 , -69 , -74 , -1479
D , 1062 , -75 , -63 , -1979
D , 1063 , -80 , -28 , -1766
D , 1064 , -81 , -27 , -1385
D , 1065 , -85 , -27 , -2008
D , 1066 , -86 , -9 , -1917
D , 1067 , -86 , 19 , -1730
D , 1068 , -84 , 32 , -1522
D , 1069 , -81 , 9 , -1328
D , 1070 , -82 , -12 , -1354
D , 1071 , -83 , -19 , -1304
D , 1072 , -85 , -24 , -1036
D , 1073 , -90 , -58 , -1194
D , 1074 , -98 , -79 , -1381
D , 1075 , -106 , -88 , -1309
D , 1076 , -115 , -74 , -1452
D , 1077 , -119 , -19 , -1409
D , 1078 , -119 , 0 , -1055
D , 1079 , -121 , -26 , -911
D , 1080 , -124 , -27 , -1029
D , 1081 , -125 , -8 , -1024
D , 1082 , -125 , 10 , -962
D , 1083 , -123 , 26 , -864
D , 1084 , -120 , 34 , -663
D , 1085 , -116 , 35 , -557
D , 1086 , -113 , 28 , -450
D , 1087 , -111 , 16 , -375
D , 1088 , -109 , 11 , -402
D , 1089 , -108 , 17 , -502
D , 1090 , -106 , 23 , -478
D , 1091 , -104 , 15 , -392
D , 1092 , -103 , 10 , -418
D , 1093 , -101 , 15 , -454
D , 1094 , -100 , 18 , -450
D , 1095 , -98 , 13 , -373
D , 1096 , -97 , 4 , -426
D , 1097 , -97 , -1 , -514
D , 1098 , -97 , -3 , -452
D , 1099 , -98 , -8 , -447
D , 1100 , -100 , -22 , -569
D , 1101 , -102 , -21 , -837
D , 1102 , -103 , -2 , -823
D , 1103 , -103 , 2 , -694
D , 1104 , -103 , 2 , -670
D , 1105 , -103 , 1 , -775
D , 1106 , -102 , 9 , -739
D , 1107 , -101 , 14 , -651
D , 1108 , -99 , 17 , -596
D , 1109 , -98 , 21 , -643
D , 1110 , -95 , 28 , -540
D , 1111 , -92 , 33 , -476
D , 1112 , -89 , 26 , -318
D , 1113 , -87 , 12 , -275
D , 1114 , -86 , 3 , -292
D , 1115 , -86 , 0 , -521
D , 1116 , -86 , 2 , -466
D , 1117 , -85 , 5 , -433
D , 1118 , -85 , 7 , -368
D , 1119 , -84 , 2 , -351
D , 1120 , -84 , -7 , -392
D , 1121 , -85 , -12 , -519
D , 1122 , -87 , -10 , -557
D , 1123 , -87 , -10 , -533
D , 1124 , -89 , -13 , -581
D , 1125 , -90 , -15 , -545
D , 1126 , -92 , -12 , -586
D , 1127 , -93 , -9 , -576
D , 1128 , -93 , -8 , -512
D , 1129 , -95 , -13 , -519
D , 1130 , -96 , -14 , -531
D , 1131 , -98 , -18 , -564
D , 1132 , -99 , -15 , -629
D , 1133 , -101 , -13 , -665
D , 1134 , -102 , -1 , -725
D , 1135 , -101 , 3 , -624
D , 1136 , -101 , 4 , -617
D , 1137 , -100 , 3 , -545
D , 1138 , -100 , 0 , -493
D , 1139 , -100 , 1 , -497
D , 1140 , -100 , 1 , -545
D , 1141 , -100 , 2 , -562
D , 1142 , -100 , 6 , -636
D , 1143 , -99 , 8 , -579
D , 1144 , -98 , 8 , -538
D , 1145 , -97 , 8 , -497
D , 1146 , -97 , 0 , -411
D , 1147 , -97 , -8 , -493
D , 1148 , -98 , -15 , -509
D , 1149 , -100 , -11 , -651
D , 1150 , -101 , -2 , -648
D , 1151 , -100 , 7 , -653
D , 1152 , -99 , 10 , -660
D , 1153 , -98 , 9 , -588
D , 1154 , -97 , 6 , -538
D , 1155 , -97 , -1 , -461
D , 1156 , -98 , -4 , -517
D , 1157 , -98 , -6 , -593
D , 1158 , -99 , -6 , -550
D , 1159 , -100 , -6 , -607
D , 1160 , -100 , -4 , -631
D , 1161 , -100 , 1 , -651
D , 1162 , -99 , 8 , -677
D , 1163 , -98 , 16 , -639
D , 1164 , -97 , 19 , -574
D , 1165 , -95 , 14 , -476
D , 1166 , -94 , 5 , -552
D , 1167 , -93 , 12 , -627
D , 1168 , -91 , 22 , -567
D , 1169 , -89 , 22 , -421
D , 1170 , -87 , 14 , -402
D , 1171 , -86 , 7 , -416
D , 1172 , -86 , 2 , -440
D , 1173 , -86 , 1 , -445
D , 1174 , -86 , -1 , -476
D , 1175 , -86 , -5 , -545
D , 1176 , -87 , -1 , -646
D , 1177 , -87 , 5 , -677
D , 1178 , -86 , 9 , -574
D , 1179 , -85 , 9 , -505
D , 1180 , -84 , 5 , -552
D , 1181 , -84 , 3 , -526
D , 1182 , -83 , 3 , -533
D , 1183 , -83 , 4 , -545
D , 1184 , -82 , 6 , -531
D , 1185 , -82 , 6 , -540
D , 1186 , -81 , 6 , -526
D , 1187 , -80 , 5 , -502
D , 1188 , -80 , 0 , -469
D , 1189 , -80 , -1 , -524
D , 1190 , -80 , -1 , -540
D , 1191 , -80 , 2 , -531
D , 1192 , -80 , 4 , -512
D , 1193 , -80 , 4 , -540
D , 1194 , -79 , 2 , -521
D , 1195 , -79 , 0 , -497
D , 1196 , -79 , 0 , -548
D , 1197 , -79 , -1 , -567
D , 1198 , -79 , 0 , -569
D , 1199 , -79 , 6 , -569
