Searching for any hub with Pybricks service...
battery mV: 8522
gains: 10.71 0.8700001 0.43 0.3 fc: 10
stopped, fell_at_ms: -1 steps: 1000 elapsed: 5000
t_ms,pitch_x10,rate_dps,duty,wheel_deg
1,0,0,0,0
20,0,0,0,0
40,0,0,0,0
60,0,-1,-1,0
80,0,-1,-1,0
100,0,0,-1,0
120,-1,-1,-2,0
140,-1,0,-1,0
160,-1,0,-1,0
180,-1,0,-2,0
200,-1,0,-1,0
220,-1,0,-1,0
240,-1,0,-1,0
260,-1,0,0,0
280,-1,0,-1,0
301,-1,0,-1,0
320,-1,0,-1,0
341,-1,0,-1,0
360,-1,0,-1,0
380,-1,0,-1,0
401,-1,0,-1,0
421,-1,0,-2,0
441,-1,-1,-3,0
461,-2,0,-2,0
481,-2,0,-2,0
500,-2,0,-2,0
521,-2,0,-3,0
540,-2,0,-2,0
560,-2,0,-2,0
581,-2,0,-3,0
601,-2,0,-3,0
621,-2,0,-3,0
641,-2,-1,-3,0
661,-3,-1,-4,0
681,-3,0,-3,0
700,-3,0,-3,0
720,-3,0,-3,0
740,-3,0,-3,0
760,-3,0,-4,0
780,-3,0,-4,0
800,-3,0,-4,0
820,-3,0,-4,0
840,-3,0,-4,0
860,-3,0,-4,0
880,-4,-1,-5,0
900,-4,-1,-5,0
920,-4,-1,-6,0
940,-4,0,-5,0
960,-4,0,-5,0
980,-5,0,-5,0
1000,-5,-1,-6,0
1020,-5,-1,-6,0
1040,-5,-1,-7,0
1060,-6,-1,-8,0
1080,-6,-1,-8,0
1100,-6,-1,-8,0
1120,-7,-2,-9,0
1140,-7,-1,-9,0
1160,-7,7,-1,0
1180,-4,18,8,-1
1200,-2,1,-4,0
1220,-5,-19,-26,-1
1240,-4,48,29,-3
1260,11,60,50,-4
1280,3,-168,-100,-1
1300,-32,-93,-100,-1
1321,-1,357,100,-9
1341,54,98,100,-10
1361,20,-296,-100,-4
1381,-17,-24,-48,-5
1400,32,343,100,-11
1421,62,-113,-42,-9
1440,5,-306,-100,-2
1461,-12,234,100,-7
1480,55,301,100,-12
1501,53,-226,-100,-4
1521,12,-102,-38,1
1540,39,262,100,-1
1561,70,-84,21,1
1580,7,-404,-100,8
1601,-41,22,19,7
1620,-6,266,100,2
1640,23,-83,-30,4
1660,-35,-351,-100,13
1680,-61,197,100,10
1701,0,296,100,5
1720,15,-129,-67,11
1740,-8,-55,4,21
1760,1,92,100,20
1780,1,-174,-94,27
1800,-54,-267,-100,35
1820,-57,231,100,30
1840,-11,146,100,26
1860,-20,-150,-100,34
1882,-39,24,35,38
1900,-13,142,100,35
1920,-10,-194,-100,41
1940,-58,-180,-100,46
1960,-49,241,100,39
1980,-1,176,100,37
2000,-1,-152,-92,46
2021,-29,-76,-38,51
2041,-8,211,100,48
2060,13,-60,8,51
2081,-44,-348,-100,59
2100,-80,57,35,58
2121,-48,138,98,53
2140,-41,-115,-100,56
2161,-72,-123,-100,61
2180,-69,187,100,56
2200,-13,215,100,50
2222,-13,-228,-100,56
2240,-54,-90,-92,61
2260,-20,309,100,55
2280,22,44,78,56
2300,-7,-207,-100,66
2320,-22,124,100,65
2340,21,178,100,62
2360,7,-308,-100,70
2380,-52,-184,-100,76
2400,-33,264,100,72
2420,2,68,100,74
2441,-13,-109,-6,88
2461,-29,2,78,91
2480,-28,-21,43,96
2501,-59,-230,-100,103
2520,-84,-13,42,104
2541,-61,159,100,101
2562,-57,-184,-100,107
2581,-114,-191,-100,114
2601,-117,123,41,106
2620,-81,118,43,101
2641,-89,-180,-100,103
2661,-114,-1,-84,103
2680,-72,323,100,94
2700,-30,89,40,93
2720,-36,-45,-30,102
2741,-37,37,31,101
2760,-26,16,17,101
2781,-44,-179,-100,105
2800,-66,23,29,104
2820,-26,262,100,98
2840,-6,-103,-60,99
2861,-51,-169,-100,108
2880,-43,188,100,103
2900,-7,66,86,102
2920,-40,-274,-100,110
2940,-71,47,50,111
2960,-37,184,100,106
2980,-31,-192,-100,111
3000,-72,-96,-64,117
3020,-56,173,100,112
3040,-37,-60,-42,114
3060,-71,-130,-95,121
3080,-65,183,100,116
3100,-35,44,43,115
3120,-63,-191,-100,123
3140,-73,130,100,120
3160,-38,137,100,118
3180,-50,-194,-100,125
3200,-75,-40,-18,128
3220,-59,113,100,125
3240,-58,-160,-100,128
3260,-89,-54,-51,130
3280,-68,203,100,122
3300,-37,43,19,121
3320,-62,-163,-100,128
3340,-63,122,85,123
3360,-36,86,60,121
3380,-58,-233,-100,126
3401,-83,28,7,124
3420,-46,270,100,116
3440,-26,-81,-71,119
3461,-60,-111,-99,124
3481,-42,203,100,119
3500,-11,29,42,119
3521,-57,-299,-100,126
3540,-79,134,100,124
3561,-23,250,100,120
3581,-8,-142,-68,123
3600,-41,-117,-48,132
3621,-36,136,100,130
3641,-22,-54,7,133
3661,-70,-280,-100,140
3681,-86,137,100,139
3700,-51,135,100,136
3720,-71,-270,-100,141
3740,-99,35,19,143
3760,-75,113,68,137
3783,-74,-122,-100,139
3800,-105,-88,-100,140
3820,-86,261,100,131
3840,-38,128,79,128
3860,-46,-63,-55,136
3880,-56,13,1,135
3900,-39,94,71,132
3920,-43,-138,-100,136
3940,-78,-142,-100,138
3960,-68,246,100,130
3980,-24,85,75,127
4000,-40,-162,-100,135
4020,-71,-68,-74,134
4040,-36,274,100,128
4060,-5,-16,23,129
4080,-38,-196,-100,138
4101,-54,57,62,135
4121,-22,111,100,132
4141,-40,-308,-100,139
4161,-90,-98,-80,141
4180,-61,267,100,135
4201,-25,19,43,136
4220,-60,-184,-100,145
4240,-76,63,59,144
4260,-44,164,100,141
4280,-48,-231,-100,148
4300,-89,-124,-82,153
4320,-85,153,100,148
4340,-71,-10,-14,147
4360,-100,-186,-100,151
4380,-119,46,-22,145
4400,-78,244,100,136
4420,-51,0,-36,138
4440,-76,-183,-100,141
4460,-101,34,-67,133
4480,-58,301,100,125
4500,-22,50,32,125
4520,-36,-139,-100,133
4540,-64,-65,-96,130
4561,-39,299,100,123
4581,11,132,100,121
4600,-6,-246,-100,130
4621,-57,-226,-100,132
4641,-64,111,67,126
4661,-19,189,100,121
4680,-8,-47,17,126
4701,-36,-218,-100,135
4720,-73,-127,-100,136
4740,-65,177,100,128
4760,-41,18,46,129
4780,-61,-119,-80,136
4801,-79,-55,-74,134
4820,-72,99,38,127
4840,-53,23,1,125
4861,-70,-175,-100,126
4880,-101,-65,-100,121
4901,-67,331,100,110
4921,-16,147,90,106
4940,-19,-95,-90,114
4960,-27,1,-10,113
4980,-18,61,40,107
END

[exited with code 0]
