Searching for any hub with Pybricks service...
battery mV: 8436
fell_in_seg: 1
t_ms,seg,pitch_x10,duty,wheel_speed_dps,speed_term_duty
2,0,0,0,0,0
21,0,0,0,0,0
41,0,0,-1,-2,0
61,0,0,-1,-2,0
81,0,0,0,0,0
101,0,0,1,0,0
121,0,0,0,-2,0
141,0,0,2,2,0
161,0,1,3,2,0
181,0,1,3,0,0
201,0,1,3,0,0
221,0,2,5,2,0
241,0,2,3,0,0
261,0,1,1,0,0
281,0,2,2,0,0
301,0,2,1,0,0
321,0,1,2,3,1
341,0,1,1,2,0
361,0,1,1,1,0
381,0,1,0,1,0
401,0,0,0,0,0
421,0,0,-1,-3,-1
441,0,0,0,1,0
461,0,0,0,-1,0
481,0,0,0,-1,0
501,0,0,0,2,0
521,0,0,0,0,0
541,0,0,-2,-3,-1
561,0,0,-1,0,0
581,0,0,0,0,0
601,0,0,0,-2,0
621,0,0,0,1,0
641,0,0,0,2,0
661,0,0,0,2,0
681,0,0,0,0,0
701,0,0,0,0,0
721,0,0,1,0,0
741,0,0,0,-2,0
761,0,0,0,-2,0
781,0,0,0,0,0
801,0,0,0,0,0
821,0,0,0,-2,0
841,0,0,1,0,0
861,0,0,1,0,0
881,0,1,1,0,0
901,0,1,2,1,0
921,0,1,2,1,0
941,0,1,2,0,0
961,0,2,3,0,0
981,0,2,4,3,1
1001,0,2,2,-1,0
1021,0,2,3,2,0
1041,0,2,3,1,0
1061,0,2,3,2,0
1081,0,2,2,-3,-1
1101,0,2,3,1,0
1121,0,1,0,-2,0
1141,0,1,-2,-1,0
1161,0,-1,-7,-2,0
1181,0,-3,-10,0,0
1201,0,-4,-13,-10,-3
1221,0,0,-1,-28,-8
1241,0,8,11,-47,-14
1261,0,4,-15,-55,-16
1282,0,-8,-40,-51,-15
1301,0,-11,-40,-58,-17
1321,0,14,34,-98,-29
1341,0,42,40,-139,-41
1361,0,21,-38,-123,-36
1382,0,-23,-40,-85,-25
1401,0,-17,-40,-94,-28
1421,0,22,40,-94,-28
1441,0,33,40,-72,-21
1461,0,-7,-40,-58,-17
1481,0,-35,-40,-84,-25
1501,0,-3,-12,-98,-29
1521,0,25,40,-117,-35
1543,0,13,-30,-95,-28
1561,0,-22,-40,-88,-26
1581,0,-23,-40,-132,-39
1601,0,7,-3,-148,-44
1621,0,29,28,-152,-45
1641,0,21,-40,-162,-48
1661,0,-9,-40,-183,-55
1681,0,-10,-40,-182,-54
1702,0,24,0,-198,-59
1721,0,49,38,-201,-60
1741,0,38,-40,-197,-59
1761,0,0,-40,-195,-58
1781,0,0,-40,-195,-58
1801,0,41,20,-196,-58
1821,0,64,40,-190,-57
1841,0,33,-40,-167,-50
1861,0,-4,-40,-153,-46
1881,0,11,-40,-167,-50
1901,0,51,34,-179,-53
1921,0,62,23,-158,-47
1941,0,25,-40,-149,-44
1961,0,2,-40,-172,-51
1981,0,33,-32,-186,-55
2001,0,66,40,-180,-54
2022,0,70,13,-165,-49
2041,0,33,-40,-160,-48
2061,0,11,-40,-151,-45
2081,0,44,-6,-142,-42
2101,0,81,40,-139,-41
2121,0,76,14,-117,-35
2141,0,40,-40,-106,-31
2161,0,29,-40,-111,-33
2181,0,68,40,-112,-33
2201,0,102,40,-97,-29
2221,0,85,16,-61,-18
2241,0,55,-40,-40,-12
2261,0,51,-36,-37,-11
2281,0,91,40,-28,-8
2301,0,118,40,1,0
2321,0,89,19,20,6
2342,0,61,-39,39,11
2361,0,66,19,46,13
2381,0,104,40,61,18
2401,0,117,40,98,29
2421,0,88,40,118,35
2441,0,73,25,129,38
2461,0,72,40,182,54
2481,0,60,40,282,84
2501,1,32,-40,365,0
2521,1,13,-40,395,0
2541,1,19,-34,326,0
2561,1,53,40,217,0
2581,1,79,40,111,0
2601,1,61,22,52,0
2621,1,33,-40,32,0
2641,1,31,-22,32,0
2661,1,67,40,32,0
2681,1,87,40,40,0
2701,1,57,-11,40,0
2721,1,28,-40,51,0
2741,1,40,10,33,0
2761,1,80,40,36,0
2781,1,84,40,45,0
2801,1,44,-40,53,0
2821,1,24,-40,42,0
2841,1,51,40,34,0
2861,1,89,40,23,0
2881,1,76,40,48,0
2901,1,40,-40,64,0
2921,1,32,-32,40,0
2941,1,73,40,33,0
2961,1,99,40,49,0
2981,1,69,19,64,0
3001,1,42,-40,84,0
3021,1,48,16,63,0
3041,1,89,40,67,0
3061,1,97,40,103,0
3081,1,59,-13,127,0
3101,1,39,-37,131,0
3121,1,72,40,110,0
3141,1,109,40,108,0
3161,1,95,40,142,0
3181,1,69,15,162,0
3201,1,61,18,163,0
3221,1,67,40,216,0
3241,1,60,32,312,0
3263,1,36,-25,363,0
3281,1,27,-15,358,0
3301,1,67,40,272,0
3321,1,104,40,224,0
3341,1,86,40,205,0
3361,1,65,40,209,0
3381,1,64,40,227,0
3401,1,59,40,328,0
3421,1,34,-14,436,0
3441,1,17,-22,474,0
3461,1,48,40,393,0
3481,1,99,40,300,0
3501,1,103,40,251,0
3521,1,88,40,220,0
3541,1,89,40,216,0
3561,1,92,40,291,0
3581,1,80,40,403,0
3601,1,67,40,468,0
3621,1,64,40,501,0
3641,1,57,40,522,0
3661,1,47,40,550,0
3681,1,42,40,561,0
3701,1,37,40,571,0
3721,1,28,40,590,0
3741,1,19,40,612,0
3761,1,13,40,625,0
3781,1,4,40,631,0
3801,1,-6,40,635,0
3821,1,-15,40,629,0
3841,1,-24,37,598,0
3861,1,-37,24,607,0
3881,1,-46,22,584,0
3901,1,-50,36,563,0
3921,1,-48,40,526,0
3941,1,-54,40,517,0
3961,1,-73,0,493,0
3981,1,-91,-22,499,0
4001,1,-80,40,438,0
4021,1,-36,40,354,0
4041,1,-19,40,294,0
4061,1,-51,40,253,0
4081,1,-81,-12,254,0
4101,1,-84,20,285,0
4121,1,-67,40,310,0
4141,1,-62,40,326,0
4161,1,-99,-29,333,0
4181,1,-142,-40,314,0
4201,1,-129,0,241,0
4221,1,-92,40,198,0
4241,1,-93,40,151,0
4261,1,-147,-40,135,0
4281,1,-192,-40,99,0
4301,1,-178,-40,88,0
4321,1,-163,-7,71,0
4341,1,-165,-27,6,0
4361,1,-193,-40,-87,0
4381,1,-193,-40,-196,0
4403,1,-189,-40,-258,0
4421,1,-191,-40,-312,0
4441,1,-201,-40,-349,0
4461,1,-205,-40,-418,0
4481,1,-212,-40,-465,0
4501,1,-226,-40,-496,0
4521,1,-246,-40,-517,0
4541,1,-270,-40,-517,0
4561,1,-294,-40,-521,0
4581,1,-330,-40,-527,0
4601,1,-374,-40,-531,0
4621,1,-424,-40,-530,0
END

[exited with code 0]
